Component: ARM Compiler 5.06 update 7 (build 960) Tool: armlink [4d3601]

==============================================================================

Section Cross References

    main.o(i.GPIO_Configuration) refers to cw32f030_gpio.o(i.GPIO_Init) for GPIO_Init
    main.o(i.RCC_Configuration) refers to cw32f030_rcc.o(i.RCC_HSI_Enable) for RCC_HSI_Enable
    main.o(i.RCC_Configuration) refers to cw32f030_rcc.o(i.RCC_HCLKPRS_Config) for RCC_HCLKPRS_Config
    main.o(i.RCC_Configuration) refers to cw32f030_rcc.o(i.RCC_PCLKPRS_Config) for RCC_PCLKPRS_Config
    main.o(i.RCC_Configuration) refers to cw32f030_rcc.o(i.RCC_PLL_Enable) for RCC_PLL_Enable
    main.o(i.RCC_Configuration) refers to cw32f030_flash.o(i.FLASH_SetLatency) for FLASH_SetLatency
    main.o(i.RCC_Configuration) refers to cw32f030_rcc.o(i.RCC_SysClk_Switch) for RCC_SysClk_Switch
    main.o(i.RCC_Configuration) refers to cw32f030_rcc.o(i.RCC_SystemCoreClockUpdate) for RCC_SystemCoreClockUpdate
    main.o(i.main) refers to main.o(i.RCC_Configuration) for RCC_Configuration
    main.o(i.main) refers to main.o(i.GPIO_Configuration) for GPIO_Configuration
    main.o(i.main) refers to lcd.o(i.Lcd_Init) for Lcd_Init
    main.o(i.main) refers to lcd.o(i.Lcd_Clear) for Lcd_Clear
    main.o(i.main) refers to key.o(i.Read_Key1) for Read_Key1
    main.o(i.main) refers to led.o(i.LED2_ON) for LED2_ON
    main.o(i.main) refers to led.o(i.LED2_OFF) for LED2_OFF
    startup_cw32f030.o(RESET) refers to startup_cw32f030.o(STACK) for __initial_sp
    startup_cw32f030.o(RESET) refers to startup_cw32f030.o(.text) for Reset_Handler
    startup_cw32f030.o(RESET) refers to interrupts_cw32f030.o(i.NMI_Handler) for NMI_Handler
    startup_cw32f030.o(RESET) refers to interrupts_cw32f030.o(i.HardFault_Handler) for HardFault_Handler
    startup_cw32f030.o(RESET) refers to interrupts_cw32f030.o(i.SVC_Handler) for SVC_Handler
    startup_cw32f030.o(RESET) refers to interrupts_cw32f030.o(i.PendSV_Handler) for PendSV_Handler
    startup_cw32f030.o(RESET) refers to cw32f030_systick.o(i.SysTick_Handler) for SysTick_Handler
    startup_cw32f030.o(RESET) refers to interrupts_cw32f030.o(i.WDT_IRQHandler) for WDT_IRQHandler
    startup_cw32f030.o(RESET) refers to interrupts_cw32f030.o(i.LVD_IRQHandler) for LVD_IRQHandler
    startup_cw32f030.o(RESET) refers to interrupts_cw32f030.o(i.RTC_IRQHandler) for RTC_IRQHandler
    startup_cw32f030.o(RESET) refers to interrupts_cw32f030.o(i.FLASHRAM_IRQHandler) for FLASHRAM_IRQHandler
    startup_cw32f030.o(RESET) refers to interrupts_cw32f030.o(i.RCC_IRQHandler) for RCC_IRQHandler
    startup_cw32f030.o(RESET) refers to interrupts_cw32f030.o(i.GPIOA_IRQHandler) for GPIOA_IRQHandler
    startup_cw32f030.o(RESET) refers to interrupts_cw32f030.o(i.GPIOB_IRQHandler) for GPIOB_IRQHandler
    startup_cw32f030.o(RESET) refers to interrupts_cw32f030.o(i.GPIOC_IRQHandler) for GPIOC_IRQHandler
    startup_cw32f030.o(RESET) refers to interrupts_cw32f030.o(i.GPIOF_IRQHandler) for GPIOF_IRQHandler
    startup_cw32f030.o(RESET) refers to interrupts_cw32f030.o(i.DMACH1_IRQHandler) for DMACH1_IRQHandler
    startup_cw32f030.o(RESET) refers to interrupts_cw32f030.o(i.DMACH23_IRQHandler) for DMACH23_IRQHandler
    startup_cw32f030.o(RESET) refers to interrupts_cw32f030.o(i.DMACH45_IRQHandler) for DMACH45_IRQHandler
    startup_cw32f030.o(RESET) refers to interrupts_cw32f030.o(i.ADC_IRQHandler) for ADC_IRQHandler
    startup_cw32f030.o(RESET) refers to interrupts_cw32f030.o(i.ATIM_IRQHandler) for ATIM_IRQHandler
    startup_cw32f030.o(RESET) refers to interrupts_cw32f030.o(i.VC1_IRQHandler) for VC1_IRQHandler
    startup_cw32f030.o(RESET) refers to interrupts_cw32f030.o(i.VC2_IRQHandler) for VC2_IRQHandler
    startup_cw32f030.o(RESET) refers to interrupts_cw32f030.o(i.GTIM1_IRQHandler) for GTIM1_IRQHandler
    startup_cw32f030.o(RESET) refers to interrupts_cw32f030.o(i.GTIM2_IRQHandler) for GTIM2_IRQHandler
    startup_cw32f030.o(RESET) refers to interrupts_cw32f030.o(i.GTIM3_IRQHandler) for GTIM3_IRQHandler
    startup_cw32f030.o(RESET) refers to interrupts_cw32f030.o(i.GTIM4_IRQHandler) for GTIM4_IRQHandler
    startup_cw32f030.o(RESET) refers to interrupts_cw32f030.o(i.BTIM1_IRQHandler) for BTIM1_IRQHandler
    startup_cw32f030.o(RESET) refers to interrupts_cw32f030.o(i.BTIM2_IRQHandler) for BTIM2_IRQHandler
    startup_cw32f030.o(RESET) refers to interrupts_cw32f030.o(i.BTIM3_IRQHandler) for BTIM3_IRQHandler
    startup_cw32f030.o(RESET) refers to interrupts_cw32f030.o(i.I2C1_IRQHandler) for I2C1_IRQHandler
    startup_cw32f030.o(RESET) refers to interrupts_cw32f030.o(i.I2C2_IRQHandler) for I2C2_IRQHandler
    startup_cw32f030.o(RESET) refers to interrupts_cw32f030.o(i.SPI1_IRQHandler) for SPI1_IRQHandler
    startup_cw32f030.o(RESET) refers to interrupts_cw32f030.o(i.SPI2_IRQHandler) for SPI2_IRQHandler
    startup_cw32f030.o(RESET) refers to interrupts_cw32f030.o(i.UART1_IRQHandler) for UART1_IRQHandler
[...]
    tasks.o(i.xTaskRemoveFromEventList) refers to tasks.o(.data) for uxSchedulerSuspended
    tasks.o(i.xTaskRemoveFromEventList) refers to tasks.o(.bss) for pxReadyTasksLists
    tasks.o(i.xTaskResumeAll) refers to port.o(i.vPortEnterCritical) for vPortEnterCritical
    tasks.o(i.xTaskResumeAll) refers to tasks.o(i.prvResetNextTaskUnblockTime) for prvResetNextTaskUnblockTime
    tasks.o(i.xTaskResumeAll) refers to tasks.o(i.xTaskIncrementTick) for xTaskIncrementTick
    tasks.o(i.xTaskResumeAll) refers to port.o(i.vPortYield) for vPortYield
    tasks.o(i.xTaskResumeAll) refers to port.o(i.vPortExitCritical) for vPortExitCritical
    tasks.o(i.xTaskResumeAll) refers to tasks.o(.data) for uxSchedulerSuspended
    tasks.o(i.xTaskResumeAll) refers to tasks.o(.bss) for xPendingReadyList
    tasks.o(i.xTaskResumeFromISR) refers to port.o(.emb_text) for ulSetInterruptMaskFromISR
    tasks.o(i.xTaskResumeFromISR) refers to tasks.o(i.prvTaskIsTaskSuspended) for prvTaskIsTaskSuspended
    tasks.o(i.xTaskResumeFromISR) refers to list.o(i.uxListRemove) for uxListRemove
    tasks.o(i.xTaskResumeFromISR) refers to list.o(i.vListInsertEnd) for vListInsertEnd
    tasks.o(i.xTaskResumeFromISR) refers to tasks.o(.data) for uxSchedulerSuspended
    tasks.o(i.xTaskResumeFromISR) refers to tasks.o(.bss) for pxReadyTasksLists
    heap_4.o(i.prvHeapInit) refers to heap_4.o(.bss) for ucHeap
    heap_4.o(i.prvHeapInit) refers to heap_4.o(.data) for xStart
    heap_4.o(i.prvInsertBlockIntoFreeList) refers to heap_4.o(.data) for xStart
    heap_4.o(i.pvPortCalloc) refers to uidiv.o(.text) for __aeabi_uidivmod
    heap_4.o(i.pvPortCalloc) refers to heap_4.o(i.pvPortMalloc) for pvPortMalloc
    heap_4.o(i.pvPortCalloc) refers to memseta.o(.text) for __aeabi_memclr
    heap_4.o(i.pvPortMalloc) refers to tasks.o(i.vTaskSuspendAll) for vTaskSuspendAll
    heap_4.o(i.pvPortMalloc) refers to heap_4.o(i.prvHeapInit) for prvHeapInit
    heap_4.o(i.pvPortMalloc) refers to heap_4.o(i.prvInsertBlockIntoFreeList) for prvInsertBlockIntoFreeList
    heap_4.o(i.pvPortMalloc) refers to tasks.o(i.xTaskResumeAll) for xTaskResumeAll
    heap_4.o(i.pvPortMalloc) refers to heap_4.o(.data) for pxEnd
    heap_4.o(i.vPortFree) refers to tasks.o(i.vTaskSuspendAll) for vTaskSuspendAll
    heap_4.o(i.vPortFree) refers to heap_4.o(i.prvInsertBlockIntoFreeList) for prvInsertBlockIntoFreeList
    heap_4.o(i.vPortFree) refers to tasks.o(i.xTaskResumeAll) for xTaskResumeAll
    heap_4.o(i.vPortFree) refers to heap_4.o(.data) for xFreeBytesRemaining
    heap_4.o(i.vPortGetHeapStats) refers to tasks.o(i.vTaskSuspendAll) for vTaskSuspendAll
    heap_4.o(i.vPortGetHeapStats) refers to tasks.o(i.xTaskResumeAll) for xTaskResumeAll
    heap_4.o(i.vPortGetHeapStats) refers to port.o(i.vPortEnterCritical) for vPortEnterCritical
    heap_4.o(i.vPortGetHeapStats) refers to port.o(i.vPortExitCritical) for vPortExitCritical
    heap_4.o(i.vPortGetHeapStats) refers to heap_4.o(.data) for xStart
    heap_4.o(i.xPortGetFreeHeapSize) refers to heap_4.o(.data) for xFreeBytesRemaining
    heap_4.o(i.xPortGetMinimumEverFreeHeapSize) refers to heap_4.o(.data) for xMinimumEverFreeBytesRemaining
    port.o(.emb_text) refers to tasks.o(.data) for pxCurrentTCB
    port.o(.emb_text) refers to tasks.o(i.vTaskSwitchContext) for vTaskSwitchContext
    port.o(i.pxPortInitialiseStack) refers to port.o(i.prvTaskExitError) for prvTaskExitError
    port.o(i.vPortEnterCritical) refers to port.o(.data) for uxCriticalNesting
    port.o(i.vPortExitCritical) refers to port.o(.data) for uxCriticalNesting
    port.o(i.xPortStartScheduler) refers to port.o(i.vPortSetupTimerInterrupt) for vPortSetupTimerInterrupt
    port.o(i.xPortStartScheduler) refers to port.o(.emb_text) for __asm___6_port_c_39a90d8d__prvPortStartFirstTask
    port.o(i.xPortStartScheduler) refers to port.o(.data) for uxCriticalNesting
    port.o(i.xPortSysTickHandler) refers to port.o(.emb_text) for ulSetInterruptMaskFromISR
    port.o(i.xPortSysTickHandler) refers to tasks.o(i.xTaskIncrementTick) for xTaskIncrementTick
    entry.o(.ARM.Collect$$$$00000000) refers (Special) to entry10a.o(.ARM.Collect$$$$0000000F) for __rt_final_cpp
    entry.o(.ARM.Collect$$$$00000000) refers (Special) to entry11a.o(.ARM.Collect$$$$00000011) for __rt_final_exit
    entry.o(.ARM.Collect$$$$00000000) refers (Special) to entry12b.o(.ARM.Collect$$$$0000000E) for __rt_lib_shutdown_fini
    entry.o(.ARM.Collect$$$$00000000) refers (Special) to entry7b.o(.ARM.Collect$$$$00000008) for _main_clock
    entry.o(.ARM.Collect$$$$00000000) refers (Special) to entry8b.o(.ARM.Collect$$$$0000000A) for _main_cpp_init
    entry.o(.ARM.Collect$$$$00000000) refers (Special) to entry9a.o(.ARM.Collect$$$$0000000B) for _main_init
    entry.o(.ARM.Collect$$$$00000000) refers (Special) to entry5.o(.ARM.Collect$$$$00000004) for _main_scatterload
    entry.o(.ARM.Collect$$$$00000000) refers (Special) to entry2.o(.ARM.Collect$$$$00000001) for _main_stk
    ldiv.o(.text) refers to uldiv.o(.text) for __aeabi_uldivmod
    fadd.o(.text) refers (Special) to iusefp.o(.text) for __I$use$fp
    fadd.o(.text) refers to fepilogue.o(.text) for _float_epilogue
    fmul.o(.text) refers (Special) to iusefp.o(.text) for __I$use$fp
    fdiv.o(.text) refers (Special) to iusefp.o(.text) for __I$use$fp
    fdiv.o(.text) refers to fepilogue.o(.text) for _float_round
    dadd.o(.text) refers (Special) to iusefp.o(.text) for __I$use$fp
    dadd.o(.text) refers to llshl.o(.text) for __aeabi_llsl
    dadd.o(.text) refers to llsshr.o(.text) for __aeabi_lasr
    dadd.o(.text) refers to depilogue.o(.text) for _double_epilogue
    fflti.o(.text) refers (Special) to iusefp.o(.text) for __I$use$fp
    fflti.o(.text) refers to fepilogue.o(.text) for _float_epilogue
    ffltui.o(.text) refers (Special) to iusefp.o(.text) for __I$use$fp
    ffltui.o(.text) refers to fepilogue.o(.text) for _float_epilogue
    ffixui.o(.text) refers (Special) to iusefp.o(.text) for __I$use$fp
    dfixui.o(.text) refers (Special) to iusefp.o(.text) for __I$use$fp
    dfixui.o(.text) refers to llushr.o(.text) for __aeabi_llsr
    f2d.o(.text) refers (Special) to iusefp.o(.text) for __I$use$fp
    entry2.o(.ARM.Collect$$$$00000001) refers to entry2.o(.ARM.Collect$$$$00002712) for __lit__00000000
    entry2.o(.ARM.Collect$$$$00002712) refers to startup_cw32f030.o(STACK) for __initial_sp
    entry2.o(__vectab_stack_and_reset_area) refers to startup_cw32f030.o(STACK) for __initial_sp
    entry2.o(__vectab_stack_and_reset_area) refers to entry.o(.ARM.Collect$$$$00000000) for __main
    entry5.o(.ARM.Collect$$$$00000004) refers to init.o(.text) for __scatterload
    entry9a.o(.ARM.Collect$$$$0000000B) refers to main.o(i.main) for main
    entry9b.o(.ARM.Collect$$$$0000000C) refers to main.o(i.main) for main
    uldiv.o(.text) refers to llushr.o(.text) for __aeabi_llsr
    uldiv.o(.text) refers to llshl.o(.text) for __aeabi_llsl
    depilogue.o(.text) refers to depilogue.o(i.__ARM_clz) for __ARM_clz
    depilogue.o(.text) refers to llshl.o(.text) for __aeabi_llsl
    depilogue.o(.text) refers to llushr.o(.text) for __aeabi_llsr
    init.o(.text) refers to entry5.o(.ARM.Collect$$$$00000004) for __main_after_scatterload


==============================================================================

Removing Unused input sections from the image.

    Removing main.o(.rev16_text), (4 bytes).
    Removing main.o(.revsh_text), (4 bytes).
    Removing startup_cw32f030.o(HEAP), (512 bytes).
    Removing system_cw32f030.o(.rev16_text), (4 bytes).
    Removing system_cw32f030.o(.revsh_text), (4 bytes).
    Removing system_cw32f030.o(i.FirmwareDelay), (18 bytes).
    Removing system_cw32f030.o(i.MemClr), (32 bytes).
    Removing system_cw32f030.o(i.delay100us), (92 bytes).
    Removing system_cw32f030.o(i.delay10us), (92 bytes).
    Removing system_cw32f030.o(i.delay1ms), (88 bytes).
    Removing cw32f030_adc.o(.rev16_text), (4 bytes).
    Removing cw32f030_adc.o(.revsh_text), (4 bytes).
    Removing cw32f030_adc.o(i.ADC_AutoStop), (20 bytes).
    Removing cw32f030_adc.o(i.ADC_BufEnSerialCh), (68 bytes).
    Removing cw32f030_adc.o(i.ADC_BufEnSingleCh), (68 bytes).
    Removing cw32f030_adc.o(i.ADC_ClearITPendingAll), (20 bytes).
    Removing cw32f030_adc.o(i.ADC_ClearITPendingBit), (96 bytes).
    Removing cw32f030_adc.o(i.ADC_ClrAccResult), (20 bytes).
    Removing cw32f030_adc.o(i.ADC_DMACmd), (96 bytes).
    Removing cw32f030_adc.o(i.ADC_DMADisable), (20 bytes).
    Removing cw32f030_adc.o(i.ADC_DMAEnable), (20 bytes).
    Removing cw32f030_adc.o(i.ADC_DeInit), (32 bytes).
    Removing cw32f030_adc.o(i.ADC_Disable), (20 bytes).
    Removing cw32f030_adc.o(i.ADC_DisableIrq), (24 bytes).
    Removing cw32f030_adc.o(i.ADC_DisableNvic), (52 bytes).
    Removing cw32f030_adc.o(i.ADC_Enable), (32 bytes).
    Removing cw32f030_adc.o(i.ADC_EnableIrq), (12 bytes).
    Removing cw32f030_adc.o(i.ADC_EnableNvic), (56 bytes).
    Removing cw32f030_adc.o(i.ADC_ExtTrigCfg), (116 bytes).
    Removing cw32f030_adc.o(i.ADC_GetAccResult), (20 bytes).
    Removing cw32f030_adc.o(i.ADC_GetConversionValue), (12 bytes).
    Removing cw32f030_adc.o(i.ADC_GetITStatus), (100 bytes).
    Removing cw32f030_adc.o(i.ADC_GetITStatusAll), (12 bytes).
    Removing cw32f030_adc.o(i.ADC_GetSqr0Result), (20 bytes).
    Removing cw32f030_adc.o(i.ADC_GetSqr1Result), (20 bytes).
    Removing cw32f030_adc.o(i.ADC_GetSqr2Result), (20 bytes).
    Removing cw32f030_adc.o(i.ADC_GetSqr3Result), (20 bytes).
    Removing cw32f030_adc.o(i.ADC_GetTsVref1V5), (68 bytes).
    Removing cw32f030_adc.o(i.ADC_GetTsVref2V5), (68 bytes).
    Removing cw32f030_adc.o(i.ADC_ITConfig), (124 bytes).
    Removing cw32f030_adc.o(i.ADC_Init), (504 bytes).
    Removing cw32f030_adc.o(i.ADC_SerialChBreakModeCfg), (32 bytes).
    Removing cw32f030_adc.o(i.ADC_SerialChCommon), (82 bytes).
    Removing cw32f030_adc.o(i.ADC_SerialChContinuousModeCfg), (32 bytes).
    Removing cw32f030_adc.o(i.ADC_SerialChMoreModeCfg), (56 bytes).
    Removing cw32f030_adc.o(i.ADC_SerialChScanModeCfg), (32 bytes).
    Removing cw32f030_adc.o(i.ADC_SetAlign), (20 bytes).
    Removing cw32f030_adc.o(i.ADC_SetDiscard), (80 bytes).
    Removing cw32f030_adc.o(i.ADC_SetTs), (76 bytes).
    Removing cw32f030_adc.o(i.ADC_SetVref), (124 bytes).
    Removing cw32f030_adc.o(i.ADC_SingleChCommon), (228 bytes).
    Removing cw32f030_adc.o(i.ADC_SingleChContinuousModeCfg), (32 bytes).
    Removing cw32f030_adc.o(i.ADC_SingleChMoreModeCfg), (56 bytes).
    Removing cw32f030_adc.o(i.ADC_SingleChOneModeCfg), (28 bytes).
    Removing cw32f030_adc.o(i.ADC_SoftwareStartConvCmd), (92 bytes).
    Removing cw32f030_adc.o(i.ADC_Sqr01ChannelCfg), (348 bytes).
    Removing cw32f030_adc.o(i.ADC_Sqr02ChannelCfg), (468 bytes).
    Removing cw32f030_adc.o(i.ADC_Sqr03ChannelCfg), (584 bytes).
    Removing cw32f030_adc.o(i.ADC_Sqr0ChannelCfg), (228 bytes).
    Removing cw32f030_adc.o(i.ADC_StructInit), (26 bytes).
    Removing cw32f030_adc.o(i.ADC_WdtConfig), (376 bytes).
    Removing cw32f030_adc.o(i.ADC_WdtInit), (28 bytes).
    Removing cw32f030_adc.o(i.__NVIC_ClearPendingIRQ), (24 bytes).
    Removing cw32f030_adc.o(i.__NVIC_SetPriority), (120 bytes).
    Removing cw32f030_atim.o(.rev16_text), (4 bytes).
    Removing cw32f030_atim.o(.revsh_text), (4 bytes).
    Removing cw32f030_atim.o(i.ATIM_ADCTriggerConfig), (112 bytes).
    Removing cw32f030_atim.o(i.ATIM_BrakeConfig), (136 bytes).
    Removing cw32f030_atim.o(i.ATIM_CH1Config), (32 bytes).
    Removing cw32f030_atim.o(i.ATIM_CH2Config), (32 bytes).
    Removing cw32f030_atim.o(i.ATIM_CH3Config), (32 bytes).
    Removing cw32f030_atim.o(i.ATIM_CH4Config), (32 bytes).
    Removing cw32f030_atim.o(i.ATIM_ClearITPendingBit), (12 bytes).
    Removing cw32f030_atim.o(i.ATIM_Cmd), (24 bytes).
    Removing cw32f030_atim.o(i.ATIM_CtrlPWMOutputs), (88 bytes).
    Removing cw32f030_atim.o(i.ATIM_DeInit), (32 bytes).
    Removing cw32f030_atim.o(i.ATIM_ETRConfig), (136 bytes).
    Removing cw32f030_atim.o(i.ATIM_GetCapture1A), (12 bytes).
    Removing cw32f030_atim.o(i.ATIM_GetCapture1B), (12 bytes).
    Removing cw32f030_atim.o(i.ATIM_GetCapture2A), (12 bytes).
    Removing cw32f030_atim.o(i.ATIM_GetCapture2B), (12 bytes).
    Removing cw32f030_atim.o(i.ATIM_GetCapture3A), (12 bytes).
    Removing cw32f030_atim.o(i.ATIM_GetCapture3B), (12 bytes).
    Removing cw32f030_atim.o(i.ATIM_GetITStatus), (24 bytes).
    Removing cw32f030_atim.o(i.ATIM_IC1AInit), (132 bytes).
    Removing cw32f030_atim.o(i.ATIM_IC1BInit), (136 bytes).
    Removing cw32f030_atim.o(i.ATIM_IC2AInit), (140 bytes).
    Removing cw32f030_atim.o(i.ATIM_IC2BInit), (140 bytes).
    Removing cw32f030_atim.o(i.ATIM_IC3AInit), (140 bytes).
    Removing cw32f030_atim.o(i.ATIM_IC3BInit), (144 bytes).
    Removing cw32f030_atim.o(i.ATIM_ITConfig), (32 bytes).
    Removing cw32f030_atim.o(i.ATIM_Init), (296 bytes).
    Removing cw32f030_atim.o(i.ATIM_MasterModeConfig), (76 bytes).
    Removing cw32f030_atim.o(i.ATIM_OC1AInit), (284 bytes).
    Removing cw32f030_atim.o(i.ATIM_OC1BInit), (264 bytes).
    Removing cw32f030_atim.o(i.ATIM_OC2AInit), (196 bytes).
    Removing cw32f030_atim.o(i.ATIM_OC2BInit), (268 bytes).
    Removing cw32f030_atim.o(i.ATIM_OC3AInit), (288 bytes).
    Removing cw32f030_atim.o(i.ATIM_OC3BInit), (268 bytes).
    Removing cw32f030_atim.o(i.ATIM_OC4Init), (120 bytes).
    Removing cw32f030_atim.o(i.ATIM_PWMOutputConfig), (172 bytes).
    Removing cw32f030_atim.o(i.ATIM_SetCompare1A), (12 bytes).
    Removing cw32f030_atim.o(i.ATIM_SetCompare1B), (12 bytes).
    Removing cw32f030_atim.o(i.ATIM_SetCompare2A), (12 bytes).
    Removing cw32f030_atim.o(i.ATIM_SetCompare2B), (12 bytes).
    Removing cw32f030_atim.o(i.ATIM_SetCompare3A), (12 bytes).
    Removing cw32f030_atim.o(i.ATIM_SetCompare3B), (12 bytes).
    Removing cw32f030_atim.o(i.ATIM_SetCompare4), (12 bytes).
    Removing cw32f030_atim.o(i.ATIM_SetReloadValue), (12 bytes).
    Removing cw32f030_atim.o(i.ATIM_SlaverModeConfig), (84 bytes).
    Removing cw32f030_atim.o(i.ATIM_TriggerSelect), (96 bytes).
    Removing cw32f030_atim.o(i.ATIM_UpdateEventSelect), (88 bytes).
    Removing cw32f030_awt.o(.rev16_text), (4 bytes).
    Removing cw32f030_awt.o(.revsh_text), (4 bytes).
    Removing cw32f030_awt.o(i.AWT_ClearITPendingBit), (76 bytes).
    Removing cw32f030_awt.o(i.AWT_ClkSourceConfig), (104 bytes).
    Removing cw32f030_awt.o(i.AWT_Cmd), (92 bytes).
    Removing cw32f030_awt.o(i.AWT_DeInit), (28 bytes).
    Removing cw32f030_awt.o(i.AWT_GetAutoreload), (12 bytes).
    Removing cw32f030_awt.o(i.AWT_GetClkSource), (16 bytes).
    Removing cw32f030_awt.o(i.AWT_GetCounter), (12 bytes).
    Removing cw32f030_awt.o(i.AWT_GetITStatus), (84 bytes).
    Removing cw32f030_awt.o(i.AWT_GetPrescaler), (16 bytes).
    Removing cw32f030_awt.o(i.AWT_ITConfig), (112 bytes).
    Removing cw32f030_awt.o(i.AWT_PrescalerConfig), (128 bytes).
    Removing cw32f030_awt.o(i.AWT_TimeCntInit), (268 bytes).
    Removing cw32f030_awt.o(i.AWT_TimeCntStructInit), (24 bytes).
    Removing cw32f030_btim.o(.rev16_text), (4 bytes).
    Removing cw32f030_btim.o(.revsh_text), (4 bytes).
    Removing cw32f030_btim.o(i.BTIM_ClearITPendingBit), (116 bytes).
    Removing cw32f030_btim.o(i.BTIM_Cmd), (120 bytes).
    Removing cw32f030_btim.o(i.BTIM_DMACmd), (136 bytes).
    Removing cw32f030_btim.o(i.BTIM_DeInit), (104 bytes).
    Removing cw32f030_btim.o(i.BTIM_ETRConfig), (164 bytes).
    Removing cw32f030_btim.o(i.BTIM_GetAutoreload), (84 bytes).
    Removing cw32f030_btim.o(i.BTIM_GetCounter), (84 bytes).
    Removing cw32f030_btim.o(i.BTIM_GetITStatus), (124 bytes).
    Removing cw32f030_btim.o(i.BTIM_GetPrescaler), (88 bytes).
    Removing cw32f030_btim.o(i.BTIM_ITConfig), (144 bytes).
    Removing cw32f030_btim.o(i.BTIM_ModeConfig), (116 bytes).
    Removing cw32f030_btim.o(i.BTIM_OutputToggleCmd), (120 bytes).
    Removing cw32f030_btim.o(i.BTIM_PrescalerConfig), (260 bytes).
    Removing cw32f030_btim.o(i.BTIM_SelectETRInputPolarity), (108 bytes).
    Removing cw32f030_btim.o(i.BTIM_SelectInputTrigger), (108 bytes).
    Removing cw32f030_btim.o(i.BTIM_SelectOnePulseMode), (108 bytes).
    Removing cw32f030_btim.o(i.BTIM_SetAutoreload), (84 bytes).
    Removing cw32f030_btim.o(i.BTIM_SetCounter), (84 bytes).
    Removing cw32f030_btim.o(i.BTIM_TimeBaseInit), (304 bytes).
    Removing cw32f030_btim.o(i.BTIM_TimeBaseStructInit), (12 bytes).
    Removing cw32f030_crc.o(.rev16_text), (4 bytes).
    Removing cw32f030_crc.o(.revsh_text), (4 bytes).
    Removing cw32f030_crc.o(i.CRC16_Calc_16bit), (116 bytes).
    Removing cw32f030_crc.o(i.CRC16_Calc_32bit), (116 bytes).
    Removing cw32f030_crc.o(i.CRC16_Calc_8bit), (116 bytes).
    Removing cw32f030_crc.o(i.CRC32_Calc_16bit), (92 bytes).
    Removing cw32f030_crc.o(i.CRC32_Calc_32bit), (92 bytes).
    Removing cw32f030_crc.o(i.CRC32_Calc_8bit), (92 bytes).
    Removing cw32f030_debug.o(.rev16_text), (4 bytes).
    Removing cw32f030_debug.o(.revsh_text), (4 bytes).
    Removing cw32f030_debug.o(i.DBGMCU_Config), (116 bytes).
    Removing cw32f030_digitalsign.o(.rev16_text), (4 bytes).
    Removing cw32f030_digitalsign.o(.revsh_text), (4 bytes).
    Removing cw32f030_digitalsign.o(i.DIGITALSIGN_GetChipType), (26 bytes).
    Removing cw32f030_digitalsign.o(i.DIGITALSIGN_GetChipUid), (28 bytes).
    Removing cw32f030_digitalsign.o(i.DIGITALSIGN_GetFlashSize), (8 bytes).
    Removing cw32f030_digitalsign.o(i.DIGITALSIGN_GetPinCount), (12 bytes).
    Removing cw32f030_digitalsign.o(i.DIGITALSIGN_GetRamSize), (8 bytes).
    Removing cw32f030_dma.o(.rev16_text), (4 bytes).
    Removing cw32f030_dma.o(.revsh_text), (4 bytes).
    Removing cw32f030_dma.o(i.DMA_ClearITPendingBit), (80 bytes).
    Removing cw32f030_dma.o(i.DMA_Cmd), (132 bytes).
    Removing cw32f030_dma.o(i.DMA_DeInit), (116 bytes).
    Removing cw32f030_dma.o(i.DMA_GetFlagStatus), (96 bytes).
    Removing cw32f030_dma.o(i.DMA_GetITStatus), (124 bytes).
    Removing cw32f030_dma.o(i.DMA_ITConfig), (156 bytes).
    Removing cw32f030_dma.o(i.DMA_Init), (568 bytes).
    Removing cw32f030_dma.o(i.DMA_SWTrigCmd), (100 bytes).
    Removing cw32f030_dma.o(i.DMA_StructInit), (24 bytes).
    Removing cw32f030_flash.o(.rev16_text), (4 bytes).
    Removing cw32f030_flash.o(.revsh_text), (4 bytes).
    Removing cw32f030_flash.o(i.FLASH_CacheCmd), (92 bytes).
    Removing cw32f030_flash.o(i.FLASH_ClearITPendingBit), (76 bytes).
    Removing cw32f030_flash.o(i.FLASH_ErasePage), (120 bytes).
    Removing cw32f030_flash.o(i.FLASH_ErasePages), (140 bytes).
    Removing cw32f030_flash.o(i.FLASH_GetCacheStatus), (16 bytes).
    Removing cw32f030_flash.o(i.FLASH_GetITStatus), (84 bytes).
    Removing cw32f030_flash.o(i.FLASH_GetPrefetchStatus), (16 bytes).
    Removing cw32f030_flash.o(i.FLASH_GetReadOutLevel), (16 bytes).
    Removing cw32f030_flash.o(i.FLASH_GetStatus), (64 bytes).
    Removing cw32f030_flash.o(i.FLASH_ITConfig), (112 bytes).
    Removing cw32f030_flash.o(i.FLASH_LockAllPages), (16 bytes).
    Removing cw32f030_flash.o(i.FLASH_LockPage), (96 bytes).
    Removing cw32f030_flash.o(i.FLASH_LockPages), (68 bytes).
    Removing cw32f030_flash.o(i.FLASH_PrefetchCmd), (92 bytes).
    Removing cw32f030_flash.o(i.FLASH_SetReadOutLevel), (112 bytes).
    Removing cw32f030_flash.o(i.FLASH_UnlockAllPages), (16 bytes).
    Removing cw32f030_flash.o(i.FLASH_UnlockPage), (92 bytes).
    Removing cw32f030_flash.o(i.FLASH_UnlockPages), (68 bytes).
    Removing cw32f030_flash.o(i.FLASH_WirteHalfWords), (152 bytes).
    Removing cw32f030_flash.o(i.FLASH_WriteBytes), (140 bytes).
    Removing cw32f030_flash.o(i.FLASH_WriteWords), (152 bytes).
    Removing cw32f030_gpio.o(.rev16_text), (4 bytes).
    Removing cw32f030_gpio.o(.revsh_text), (4 bytes).
    Removing cw32f030_gpio.o(i.GPIO_ConfigFilter), (8 bytes).
    Removing cw32f030_gpio.o(i.GPIO_DeInit), (56 bytes).
    Removing cw32f030_gpio.o(i.GPIO_GPIO2SWD), (28 bytes).
    Removing cw32f030_gpio.o(i.GPIO_HighByte_Write), (6 bytes).
    Removing cw32f030_gpio.o(i.GPIO_LockPin), (8 bytes).
    Removing cw32f030_gpio.o(i.GPIO_LowByte_Write), (6 bytes).
    Removing cw32f030_gpio.o(i.GPIO_SWD2GPIO), (24 bytes).
    Removing cw32f030_gpio.o(i.GPIO_TogglePin), (4 bytes).
    Removing cw32f030_gtim.o(.rev16_text), (4 bytes).
    Removing cw32f030_gtim.o(.revsh_text), (4 bytes).
    Removing cw32f030_gtim.o(i.GTIM1_DeInit), (32 bytes).
    Removing cw32f030_gtim.o(i.GTIM1_ITRConfig), (136 bytes).
    Removing cw32f030_gtim.o(i.GTIM2_DeInit), (32 bytes).
    Removing cw32f030_gtim.o(i.GTIM2_ITRConfig), (140 bytes).
    Removing cw32f030_gtim.o(i.GTIM3_DeInit), (36 bytes).
    Removing cw32f030_gtim.o(i.GTIM3_ITRConfig), (140 bytes).
    Removing cw32f030_gtim.o(i.GTIM4_DeInit), (36 bytes).
    Removing cw32f030_gtim.o(i.GTIM4_ITRConfig), (136 bytes).
    Removing cw32f030_gtim.o(i.GTIM_ClearITPendingBit), (124 bytes).
    Removing cw32f030_gtim.o(i.GTIM_Cmd), (136 bytes).
    Removing cw32f030_gtim.o(i.GTIM_DMAConfig), (180 bytes).
    Removing cw32f030_gtim.o(i.GTIM_ETRConfig), (196 bytes).
    Removing cw32f030_gtim.o(i.GTIM_EncodeInit), (532 bytes).
    Removing cw32f030_gtim.o(i.GTIM_GetCapture1), (100 bytes).
    Removing cw32f030_gtim.o(i.GTIM_GetCapture2), (100 bytes).
    Removing cw32f030_gtim.o(i.GTIM_GetCapture3), (100 bytes).
    Removing cw32f030_gtim.o(i.GTIM_GetCapture4), (100 bytes).
    Removing cw32f030_gtim.o(i.GTIM_GetITStatus), (160 bytes).
    Removing cw32f030_gtim.o(i.GTIM_ICChannelConfig), (220 bytes).
    Removing cw32f030_gtim.o(i.GTIM_ICInit), (300 bytes).
    Removing cw32f030_gtim.o(i.GTIM_ITConfig), (180 bytes).
    Removing cw32f030_gtim.o(i.GTIM_OCInit), (184 bytes).
    Removing cw32f030_gtim.o(i.GTIM_SetCompare1), (104 bytes).
    Removing cw32f030_gtim.o(i.GTIM_SetCompare2), (104 bytes).
    Removing cw32f030_gtim.o(i.GTIM_SetCompare3), (104 bytes).
    Removing cw32f030_gtim.o(i.GTIM_SetCompare4), (104 bytes).
    Removing cw32f030_gtim.o(i.GTIM_SetCounterValue), (100 bytes).
    Removing cw32f030_gtim.o(i.GTIM_SetPrescaler), (248 bytes).
    Removing cw32f030_gtim.o(i.GTIM_SetReloadValue), (100 bytes).
    Removing cw32f030_gtim.o(i.GTIM_TimeBaseInit), (368 bytes).
    Removing cw32f030_i2c.o(.rev16_text), (4 bytes).
    Removing cw32f030_i2c.o(.revsh_text), (4 bytes).
    Removing cw32f030_i2c.o(i.I2C1_DeInit), (44 bytes).
    Removing cw32f030_i2c.o(i.I2C1_SoftwareResetCmd), (100 bytes).
    Removing cw32f030_i2c.o(i.I2C2_DeInit), (44 bytes).
    Removing cw32f030_i2c.o(i.I2C2_SoftwareResetCmd), (100 bytes).
    Removing cw32f030_i2c.o(i.I2C_AcknowledgeConfig), (112 bytes).
    Removing cw32f030_i2c.o(i.I2C_BaudGeneratorEnable), (112 bytes).
    Removing cw32f030_i2c.o(i.I2C_ClearIrq), (80 bytes).
    Removing cw32f030_i2c.o(i.I2C_Cmd), (116 bytes).
    Removing cw32f030_i2c.o(i.I2C_FilterConfig), (112 bytes).
    Removing cw32f030_i2c.o(i.I2C_GcConfig), (112 bytes).
    Removing cw32f030_i2c.o(i.I2C_GenerateSTART), (160 bytes).
    Removing cw32f030_i2c.o(i.I2C_GenerateSTOP), (112 bytes).
    Removing cw32f030_i2c.o(i.I2C_GetIrq), (80 bytes).
    Removing cw32f030_i2c.o(i.I2C_GetState), (76 bytes).
    Removing cw32f030_i2c.o(i.I2C_MasterReadEepomData), (264 bytes).
    Removing cw32f030_i2c.o(i.I2C_MasterRecDataFromSlave), (220 bytes).
    Removing cw32f030_i2c.o(i.I2C_MasterSendDataToSlave), (166 bytes).
    Removing cw32f030_i2c.o(i.I2C_MasterWriteEepromData), (178 bytes).
    Removing cw32f030_i2c.o(i.I2C_Master_Init), (54 bytes).
    Removing cw32f030_i2c.o(i.I2C_ReceiveData), (76 bytes).
    Removing cw32f030_i2c.o(i.I2C_Send7bitAddress), (112 bytes).
    Removing cw32f030_i2c.o(i.I2C_SendData), (76 bytes).
    Removing cw32f030_i2c.o(i.I2C_SetBaud), (112 bytes).
    Removing cw32f030_i2c.o(i.I2C_SetOwnSlaveAddress0), (88 bytes).
    Removing cw32f030_i2c.o(i.I2C_SetOwnSlaveAddress1), (88 bytes).
    Removing cw32f030_i2c.o(i.I2C_SetOwnSlaveAddress2), (88 bytes).
    Removing cw32f030_i2c.o(i.I2C_SlaveRecDataFromMaster), (118 bytes).
    Removing cw32f030_i2c.o(i.I2C_SlaveSendDataToMaster), (124 bytes).
    Removing cw32f030_i2c.o(i.I2C_Slave_Init), (56 bytes).
    Removing cw32f030_iwdt.o(.rev16_text), (4 bytes).
    Removing cw32f030_iwdt.o(.revsh_text), (4 bytes).
    Removing cw32f030_iwdt.o(i.IWDT_ClearOVFlag), (20 bytes).
    Removing cw32f030_iwdt.o(i.IWDT_Cmd), (16 bytes).
    Removing cw32f030_iwdt.o(i.IWDT_DeInit), (32 bytes).
    Removing cw32f030_iwdt.o(i.IWDT_GetCounterValue), (20 bytes).
    Removing cw32f030_iwdt.o(i.IWDT_GetFlagStatus), (16 bytes).
    Removing cw32f030_iwdt.o(i.IWDT_ITConfig), (128 bytes).
    Removing cw32f030_iwdt.o(i.IWDT_Init), (272 bytes).
    Removing cw32f030_iwdt.o(i.IWDT_Lock), (16 bytes).
    Removing cw32f030_iwdt.o(i.IWDT_Refresh), (16 bytes).
    Removing cw32f030_iwdt.o(i.IWDT_SetPrescaler), (132 bytes).
    Removing cw32f030_iwdt.o(i.IWDT_SetReloadValue), (100 bytes).
    Removing cw32f030_iwdt.o(i.IWDT_SetWindowValue), (100 bytes).
    Removing cw32f030_iwdt.o(i.IWDT_Stop), (28 bytes).
    Removing cw32f030_iwdt.o(i.IWDT_Unlock), (16 bytes).
    Removing cw32f030_lvd.o(.rev16_text), (4 bytes).
    Removing cw32f030_lvd.o(.revsh_text), (4 bytes).
    Removing cw32f030_lvd.o(i.LVD_ClearIrq), (20 bytes).
    Removing cw32f030_lvd.o(i.LVD_DeInit), (12 bytes).
    Removing cw32f030_lvd.o(i.LVD_Disable), (20 bytes).
    Removing cw32f030_lvd.o(i.LVD_DisableIrq), (40 bytes).
    Removing cw32f030_lvd.o(i.LVD_DisableNvic), (44 bytes).
    Removing cw32f030_lvd.o(i.LVD_Enable), (20 bytes).
    Removing cw32f030_lvd.o(i.LVD_EnableIrq), (32 bytes).
    Removing cw32f030_lvd.o(i.LVD_EnableNvic), (52 bytes).
    Removing cw32f030_lvd.o(i.LVD_GetFilterResult), (16 bytes).
    Removing cw32f030_lvd.o(i.LVD_GetFlagStatus), (80 bytes).
    Removing cw32f030_lvd.o(i.LVD_GetIrqStatus), (16 bytes).
    Removing cw32f030_lvd.o(i.LVD_Init), (364 bytes).
    Removing cw32f030_lvd.o(i.LVD_TrigConfig), (116 bytes).
    Removing cw32f030_lvd.o(i.__NVIC_ClearPendingIRQ), (24 bytes).
    Removing cw32f030_lvd.o(i.__NVIC_SetPriority), (120 bytes).
    Removing cw32f030_pwr.o(.rev16_text), (4 bytes).
    Removing cw32f030_pwr.o(.revsh_text), (4 bytes).
    Removing cw32f030_pwr.o(i.PWR_Config), (132 bytes).
    Removing cw32f030_pwr.o(i.PWR_GotoLpmMode), (88 bytes).
    Removing cw32f030_ram.o(.rev16_text), (4 bytes).
    Removing cw32f030_ram.o(.revsh_text), (4 bytes).
    Removing cw32f030_ram.o(i.RAM_ClearITPendingBit), (72 bytes).
    Removing cw32f030_ram.o(i.RAM_GetErrorAddress), (12 bytes).
    Removing cw32f030_ram.o(i.RAM_GetITStatus), (72 bytes).
    Removing cw32f030_ram.o(i.RAM_ITConfig), (108 bytes).
    Removing cw32f030_rcc.o(.rev16_text), (4 bytes).
    Removing cw32f030_rcc.o(.revsh_text), (4 bytes).
    Removing cw32f030_rcc.o(i.RCC_AHBPeriphClk_Enable), (100 bytes).
    Removing cw32f030_rcc.o(i.RCC_AHBPeriphReset), (100 bytes).
    Removing cw32f030_rcc.o(i.RCC_APBPeriphClk_Enable1), (100 bytes).
    Removing cw32f030_rcc.o(i.RCC_APBPeriphClk_Enable2), (100 bytes).
    Removing cw32f030_rcc.o(i.RCC_APBPeriphReset1), (100 bytes).
    Removing cw32f030_rcc.o(i.RCC_APBPeriphReset2), (100 bytes).
    Removing cw32f030_rcc.o(i.RCC_ATIMITRSelect), (80 bytes).
    Removing cw32f030_rcc.o(i.RCC_BTIM1ITRSelect), (84 bytes).
    Removing cw32f030_rcc.o(i.RCC_BTIM2ITRSelect), (84 bytes).
    Removing cw32f030_rcc.o(i.RCC_BTIM3ITRSelect), (84 bytes).
    Removing cw32f030_rcc.o(i.RCC_CCS_Config), (112 bytes).
    Removing cw32f030_rcc.o(i.RCC_ClearITPendingBit), (108 bytes).
    Removing cw32f030_rcc.o(i.RCC_ClearRstFlag), (108 bytes).
    Removing cw32f030_rcc.o(i.RCC_DeInit), (132 bytes).
    Removing cw32f030_rcc.o(i.RCC_GTIM1ITRSelect), (80 bytes).
    Removing cw32f030_rcc.o(i.RCC_GTIM2ITRSelect), (84 bytes).
    Removing cw32f030_rcc.o(i.RCC_GTIM3ITRSelect), (84 bytes).
    Removing cw32f030_rcc.o(i.RCC_GTIM4ITRSelect), (84 bytes).
    Removing cw32f030_rcc.o(i.RCC_GetAllRstFlag), (12 bytes).
    Removing cw32f030_rcc.o(i.RCC_GetAllStableFlag), (12 bytes).
    Removing cw32f030_rcc.o(i.RCC_GetITStatus), (112 bytes).
    Removing cw32f030_rcc.o(i.RCC_GetRstFlag), (116 bytes).
    Removing cw32f030_rcc.o(i.RCC_GetStableFlag), (104 bytes).
    Removing cw32f030_rcc.o(i.RCC_HCLK_OUT), (72 bytes).
    Removing cw32f030_rcc.o(i.RCC_HSE_Disable), (28 bytes).
    Removing cw32f030_rcc.o(i.RCC_HSE_Enable), (332 bytes).
    Removing cw32f030_rcc.o(i.RCC_HSE_OUT), (68 bytes).
    Removing cw32f030_rcc.o(i.RCC_HSI_Disable), (28 bytes).
    Removing cw32f030_rcc.o(i.RCC_HSI_OUT), (56 bytes).
    Removing cw32f030_rcc.o(i.RCC_ITConfig), (132 bytes).
    Removing cw32f030_rcc.o(i.RCC_LOCKUP_Config), (88 bytes).
    Removing cw32f030_rcc.o(i.RCC_LSELOCK_Config), (80 bytes).
    Removing cw32f030_rcc.o(i.RCC_LSE_Disable), (28 bytes).
    Removing cw32f030_rcc.o(i.RCC_LSE_Enable), (260 bytes).
    Removing cw32f030_rcc.o(i.RCC_LSE_OUT), (68 bytes).
    Removing cw32f030_rcc.o(i.RCC_LSI_Disable), (28 bytes).
    Removing cw32f030_rcc.o(i.RCC_LSI_Enable), (64 bytes).
    Removing cw32f030_rcc.o(i.RCC_LSI_OUT), (68 bytes).
    Removing cw32f030_rcc.o(i.RCC_MCO_OUT), (208 bytes).
    Removing cw32f030_rcc.o(i.RCC_PCLK_OUT), (72 bytes).
    Removing cw32f030_rcc.o(i.RCC_PLL_Disable), (28 bytes).
    Removing cw32f030_rcc.o(i.RCC_PLL_OUT), (68 bytes).
    Removing cw32f030_rcc.o(i.RCC_SWDIO_Config), (88 bytes).
    Removing cw32f030_rcc.o(i.RCC_SYSCLKSRC_Config), (108 bytes).
    Removing cw32f030_rcc.o(i.RCC_Sysctrl_GetPClkFreq), (32 bytes).
    Removing cw32f030_rcc.o(i.RCC_WAKEUPCLK_Config), (88 bytes).
    Removing cw32f030_rtc.o(.rev16_text), (4 bytes).
    Removing cw32f030_rtc.o(.revsh_text), (4 bytes).
    Removing cw32f030_rtc.o(i.RTC_AWTCmd), (192 bytes).
    Removing cw32f030_rtc.o(i.RTC_AWTConfig), (192 bytes).
    Removing cw32f030_rtc.o(i.RTC_AlarmCmd), (252 bytes).
    Removing cw32f030_rtc.o(i.RTC_BCDToBin), (24 bytes).
    Removing cw32f030_rtc.o(i.RTC_BinToBCD), (28 bytes).
    Removing cw32f030_rtc.o(i.RTC_CalibrationCmd), (196 bytes).
    Removing cw32f030_rtc.o(i.RTC_CalibrationConfig), (248 bytes).
    Removing cw32f030_rtc.o(i.RTC_ClearITPendingBit), (128 bytes).
    Removing cw32f030_rtc.o(i.RTC_Cmd), (140 bytes).
    Removing cw32f030_rtc.o(i.RTC_DeInit), (124 bytes).
    Removing cw32f030_rtc.o(i.RTC_GetAlarm), (184 bytes).
    Removing cw32f030_rtc.o(i.RTC_GetDate), (60 bytes).
    Removing cw32f030_rtc.o(i.RTC_GetITState), (104 bytes).
    Removing cw32f030_rtc.o(i.RTC_GetTamperDate), (48 bytes).
    Removing cw32f030_rtc.o(i.RTC_GetTamperTime), (72 bytes).
    Removing cw32f030_rtc.o(i.RTC_GetTime), (84 bytes).
    Removing cw32f030_rtc.o(i.RTC_ITConfig), (172 bytes).
    Removing cw32f030_rtc.o(i.RTC_Init), (260 bytes).
    Removing cw32f030_rtc.o(i.RTC_OutputConfig), (188 bytes).
    Removing cw32f030_rtc.o(i.RTC_SetAlarm), (340 bytes).
    Removing cw32f030_rtc.o(i.RTC_SetClockSource), (160 bytes).
    Removing cw32f030_rtc.o(i.RTC_SetDate), (220 bytes).
    Removing cw32f030_rtc.o(i.RTC_SetInterval), (188 bytes).
    Removing cw32f030_rtc.o(i.RTC_SetTime), (284 bytes).
    Removing cw32f030_rtc.o(i.RTC_TamperCmd), (192 bytes).
    Removing cw32f030_rtc.o(i.RTC_TamperTriggerConfig), (192 bytes).
    Removing cw32f030_spi.o(.rev16_text), (4 bytes).
    Removing cw32f030_spi.o(.revsh_text), (4 bytes).
    Removing cw32f030_spi.o(i.SPI1_DeInit), (36 bytes).
    Removing cw32f030_spi.o(i.SPI2_DeInit), (32 bytes).
    Removing cw32f030_spi.o(i.SPI_BiDirectionalLineConfig), (96 bytes).
    Removing cw32f030_spi.o(i.SPI_ClearFlag), (108 bytes).
    Removing cw32f030_spi.o(i.SPI_ClearITPendingBit), (100 bytes).
    Removing cw32f030_spi.o(i.SPI_Cmd), (104 bytes).
    Removing cw32f030_spi.o(i.SPI_DMACmd), (148 bytes).
    Removing cw32f030_spi.o(i.SPI_DataSizeConfig), (200 bytes).
    Removing cw32f030_spi.o(i.SPI_FlushSendBuff), (80 bytes).
    Removing cw32f030_spi.o(i.SPI_GetFlagStatus), (112 bytes).
    Removing cw32f030_spi.o(i.SPI_GetITStatus), (104 bytes).
    Removing cw32f030_spi.o(i.SPI_ITConfig), (128 bytes).
    Removing cw32f030_spi.o(i.SPI_Init), (496 bytes).
    Removing cw32f030_spi.o(i.SPI_MISOOutputConfig), (112 bytes).
    Removing cw32f030_spi.o(i.SPI_NSSInternalSoftwareConfig), (96 bytes).
    Removing cw32f030_spi.o(i.SPI_ReceiveData), (72 bytes).
    Removing cw32f030_spi.o(i.SPI_SendData), (72 bytes).
    Removing cw32f030_spi.o(i.SPI_StructInit), (28 bytes).
    Removing cw32f030_systick.o(.rev16_text), (4 bytes).
    Removing cw32f030_systick.o(.revsh_text), (4 bytes).
    Removing cw32f030_systick.o(i.GetTick), (12 bytes).
    Removing cw32f030_systick.o(i.InitTick), (108 bytes).
    Removing cw32f030_systick.o(i.ResumeTick), (20 bytes).
    Removing cw32f030_systick.o(i.SuspendTick), (20 bytes).
    Removing cw32f030_systick.o(i.SysTickDelay), (44 bytes).
    Removing cw32f030_systick.o(i.__NVIC_SetPriority), (120 bytes).
    Removing cw32f030_uart.o(.rev16_text), (4 bytes).
    Removing cw32f030_uart.o(.revsh_text), (4 bytes).
    Removing cw32f030_uart.o(i.UART1_DeInit), (36 bytes).
    Removing cw32f030_uart.o(i.UART2_DeInit), (32 bytes).
    Removing cw32f030_uart.o(i.UART3_DeInit), (36 bytes).
    Removing cw32f030_uart.o(i.USART_ClearFlag), (116 bytes).
    Removing cw32f030_uart.o(i.USART_ClearITPendingBit), (116 bytes).
    Removing cw32f030_uart.o(i.USART_ClockInit), (164 bytes).
    Removing cw32f030_uart.o(i.USART_ClockStructInit), (8 bytes).
    Removing cw32f030_uart.o(i.USART_DMACmd), (156 bytes).
    Removing cw32f030_uart.o(i.USART_DirectionModeCmd), (156 bytes).
    Removing cw32f030_uart.o(i.USART_GetFlagStatus), (124 bytes).
    Removing cw32f030_uart.o(i.USART_GetITStatus), (124 bytes).
    Removing cw32f030_uart.o(i.USART_HalfDuplexCmd), (120 bytes).
    Removing cw32f030_uart.o(i.USART_ITConfig), (156 bytes).
    Removing cw32f030_uart.o(i.USART_Init), (732 bytes).
    Removing cw32f030_uart.o(i.USART_InvPinCmd), (156 bytes).
    Removing cw32f030_uart.o(i.USART_ReceiveData), (84 bytes).
    Removing cw32f030_uart.o(i.USART_ReceiveData_8bit), (84 bytes).
    Removing cw32f030_uart.o(i.USART_SendData), (108 bytes).
    Removing cw32f030_uart.o(i.USART_SendData_8bit), (96 bytes).
    Removing cw32f030_uart.o(i.USART_SetMultiMode), (148 bytes).
    Removing cw32f030_uart.o(i.USART_StructInit), (28 bytes).
    Removing cw32f030_vc.o(.rev16_text), (4 bytes).
    Removing cw32f030_vc.o(.revsh_text), (4 bytes).
    Removing cw32f030_vc.o(i.VC1VC2_BlankInit), (12 bytes).
    Removing cw32f030_vc.o(i.VC1VC2_DIVDeInit), (16 bytes).
    Removing cw32f030_vc.o(i.VC1VC2_DIVInit), (168 bytes).
    Removing cw32f030_vc.o(i.VC1VC2_INNInit), (264 bytes).
    Removing cw32f030_vc.o(i.VC1VC2_OutInit), (8 bytes).
    Removing cw32f030_vc.o(i.VC1_BlankCfg), (240 bytes).
    Removing cw32f030_vc.o(i.VC1_ChannelDeInit), (24 bytes).
    Removing cw32f030_vc.o(i.VC1_ChannelInit), (548 bytes).
    Removing cw32f030_vc.o(i.VC1_ClearIrq), (20 bytes).
    Removing cw32f030_vc.o(i.VC1_DisableChannel), (20 bytes).
    Removing cw32f030_vc.o(i.VC1_DisableFilter), (20 bytes).
    Removing cw32f030_vc.o(i.VC1_DisableIrq), (28 bytes).
    Removing cw32f030_vc.o(i.VC1_EnableChannel), (32 bytes).
    Removing cw32f030_vc.o(i.VC1_EnableFilter), (20 bytes).
    Removing cw32f030_vc.o(i.VC1_EnableIrq), (32 bytes).
    Removing cw32f030_vc.o(i.VC1_GetEnableStatus), (16 bytes).
    Removing cw32f030_vc.o(i.VC1_GetFlagStatus), (76 bytes).
    Removing cw32f030_vc.o(i.VC1_ITConfig), (116 bytes).
    Removing cw32f030_vc.o(i.VC1_OutputCfg), (120 bytes).
    Removing cw32f030_vc.o(i.VC1_PolarityCfg), (36 bytes).
    Removing cw32f030_vc.o(i.VC1_WindowEnable), (36 bytes).
    Removing cw32f030_vc.o(i.VC2_BlankCfg), (240 bytes).
    Removing cw32f030_vc.o(i.VC2_ChannelDeInit), (24 bytes).
    Removing cw32f030_vc.o(i.VC2_ChannelInit), (548 bytes).
    Removing cw32f030_vc.o(i.VC2_ClearIrq), (20 bytes).
    Removing cw32f030_vc.o(i.VC2_DisableChannel), (20 bytes).
    Removing cw32f030_vc.o(i.VC2_DisableFilter), (20 bytes).
    Removing cw32f030_vc.o(i.VC2_DisableIrq), (28 bytes).
    Removing cw32f030_vc.o(i.VC2_EnableChannel), (32 bytes).
    Removing cw32f030_vc.o(i.VC2_EnableFilter), (20 bytes).
    Removing cw32f030_vc.o(i.VC2_EnableIrq), (32 bytes).
    Removing cw32f030_vc.o(i.VC2_GetEnableStatus), (16 bytes).
    Removing cw32f030_vc.o(i.VC2_GetFlagStatus), (76 bytes).
    Removing cw32f030_vc.o(i.VC2_ITConfig), (120 bytes).
    Removing cw32f030_vc.o(i.VC2_OutputCfg), (120 bytes).
    Removing cw32f030_vc.o(i.VC2_PolarityCfg), (36 bytes).
    Removing cw32f030_vc.o(i.VC2_WindowEnable), (36 bytes).
    Removing cw32f030_vc.o(i.VC_DeInit), (40 bytes).
    Removing cw32f030_vc.o(i.VC_DisableNvic), (44 bytes).
    Removing cw32f030_vc.o(i.VC_EnableNvic), (60 bytes).
    Removing cw32f030_vc.o(i.__NVIC_ClearPendingIRQ), (24 bytes).
    Removing cw32f030_vc.o(i.__NVIC_SetPriority), (120 bytes).
    Removing cw32f030_wwdt.o(.rev16_text), (4 bytes).
    Removing cw32f030_wwdt.o(.revsh_text), (4 bytes).
    Removing cw32f030_wwdt.o(i.WWDT_ClearFlag), (20 bytes).
    Removing cw32f030_wwdt.o(i.WWDT_Cmd), (20 bytes).
    Removing cw32f030_wwdt.o(i.WWDT_DeInit), (32 bytes).
    Removing cw32f030_wwdt.o(i.WWDT_EnableIT), (24 bytes).
    Removing cw32f030_wwdt.o(i.WWDT_GetCounterValue), (16 bytes).
    Removing cw32f030_wwdt.o(i.WWDT_GetFlagStatus), (12 bytes).
    Removing cw32f030_wwdt.o(i.WWDT_GetWindowValue), (16 bytes).
    Removing cw32f030_wwdt.o(i.WWDT_Init), (232 bytes).
    Removing cw32f030_wwdt.o(i.WWDT_Refresh), (80 bytes).
    Removing cw32f030_wwdt.o(i.WWDT_SetPrescaler), (124 bytes).
    Removing cw32f030_wwdt.o(i.WWDT_SetWindowValue), (76 bytes).
    Removing rcc.o(.rev16_text), (4 bytes).
    Removing rcc.o(.revsh_text), (4 bytes).
    Removing rcc.o(i.RCC_Init_External), (28 bytes).
    Removing rcc.o(i.RCC_Init_Internal), (14 bytes).
    Removing led.o(.rev16_text), (4 bytes).
    Removing led.o(.revsh_text), (4 bytes).
    Removing led.o(i.LED3_OFF), (18 bytes).
    Removing led.o(i.LED3_ON), (16 bytes).
    Removing led.o(i.LED4_OFF), (20 bytes).
    Removing led.o(i.LED4_ON), (20 bytes).
    Removing led.o(i.LED_Init), (96 bytes).
    Removing key.o(.rev16_text), (4 bytes).
    Removing key.o(.revsh_text), (4 bytes).
    Removing key.o(i.Key_Init), (56 bytes).
    Removing key.o(i.Read_Key2), (56 bytes).
    Removing key.o(i.Read_Key3), (56 bytes).
    Removing lcd.o(.rev16_text), (4 bytes).
    Removing lcd.o(.revsh_text), (4 bytes).
    Removing lcd.o(i.Gui_DrawPoint), (28 bytes).
    Removing lcd.o(i.Lcd_Clear_1), (50 bytes).
    Removing lcd.o(i.Lcd_ReadPoint), (24 bytes).
    Removing lcd.o(i.Lcd_SetXY), (20 bytes).
    Removing lcd.o(i.Lcd_WriteReg), (20 bytes).
    Removing lcd.o(i.Num_Test), (2 bytes).
    Removing lcd.o(i.QDTFT_Test_Demo), (8 bytes).
    Removing lcd.o(i.showimage), (112 bytes).
    Removing event_groups.o(i.prvTestWaitCondition), (34 bytes).
    Removing event_groups.o(i.vEventGroupClearBitsCallback), (16 bytes).
    Removing event_groups.o(i.vEventGroupDelete), (42 bytes).
    Removing event_groups.o(i.vEventGroupSetBitsCallback), (16 bytes).
    Removing event_groups.o(i.xEventGroupClearBits), (28 bytes).
    Removing event_groups.o(i.xEventGroupCreate), (28 bytes).
    Removing event_groups.o(i.xEventGroupGetBitsFromISR), (24 bytes).
    Removing event_groups.o(i.xEventGroupSetBits), (166 bytes).
    Removing event_groups.o(i.xEventGroupSync), (166 bytes).
    Removing event_groups.o(i.xEventGroupWaitBits), (206 bytes).
    Removing list.o(i.uxListRemove), (40 bytes).
    Removing list.o(i.vListInitialise), (26 bytes).
    Removing list.o(i.vListInitialiseItem), (6 bytes).
    Removing list.o(i.vListInsert), (54 bytes).
    Removing list.o(i.vListInsertEnd), (24 bytes).
    Removing queue.o(i.prvCopyDataFromQueue), (44 bytes).
    Removing queue.o(i.prvCopyDataToQueue), (108 bytes).
    Removing queue.o(i.prvInitialiseNewQueue), (34 bytes).
    Removing queue.o(i.prvIsQueueEmpty), (28 bytes).
    Removing queue.o(i.prvIsQueueFull), (30 bytes).
    Removing queue.o(i.prvUnlockQueue), (142 bytes).
    Removing queue.o(i.uxQueueMessagesWaiting), (18 bytes).
    Removing queue.o(i.uxQueueMessagesWaitingFromISR), (8 bytes).
    Removing queue.o(i.uxQueueSpacesAvailable), (24 bytes).
    Removing queue.o(i.vQueueDelete), (14 bytes).
    Removing queue.o(i.xQueueGenericCreate), (86 bytes).
    Removing queue.o(i.xQueueGenericReset), (148 bytes).
    Removing queue.o(i.xQueueGenericSend), (252 bytes).
    Removing queue.o(i.xQueueGenericSendFromISR), (144 bytes).
    Removing queue.o(i.xQueueGiveFromISR), (130 bytes).
    Removing queue.o(i.xQueueIsQueueEmptyFromISR), (18 bytes).
    Removing queue.o(i.xQueueIsQueueFullFromISR), (22 bytes).
    Removing queue.o(i.xQueuePeek), (242 bytes).
    Removing queue.o(i.xQueuePeekFromISR), (48 bytes).
    Removing queue.o(i.xQueueReceive), (238 bytes).
    Removing queue.o(i.xQueueReceiveFromISR), (132 bytes).
    Removing queue.o(i.xQueueSemaphoreTake), (230 bytes).
    Removing stream_buffer.o(i.prvBytesInBuffer), (24 bytes).
    Removing stream_buffer.o(i.prvInitialiseNewStreamBuffer), (30 bytes).
    Removing stream_buffer.o(i.prvReadBytesFromBuffer), (74 bytes).
    Removing stream_buffer.o(i.prvReadMessageFromBuffer), (90 bytes).
    Removing stream_buffer.o(i.prvWriteBytesToBuffer), (74 bytes).
    Removing stream_buffer.o(i.prvWriteMessageToBuffer), (86 bytes).
    Removing stream_buffer.o(i.vStreamBufferDelete), (34 bytes).
    Removing stream_buffer.o(i.xStreamBufferBytesAvailable), (18 bytes).
    Removing stream_buffer.o(i.xStreamBufferGenericCreate), (84 bytes).
    Removing stream_buffer.o(i.xStreamBufferIsEmpty), (22 bytes).
    Removing stream_buffer.o(i.xStreamBufferIsFull), (42 bytes).
    Removing stream_buffer.o(i.xStreamBufferNextMessageLengthBytes), (54 bytes).
    Removing stream_buffer.o(i.xStreamBufferReceive), (174 bytes).
    Removing stream_buffer.o(i.xStreamBufferReceiveCompletedFromISR), (58 bytes).
    Removing stream_buffer.o(i.xStreamBufferReceiveFromISR), (108 bytes).
    Removing stream_buffer.o(i.xStreamBufferReset), (64 bytes).
    Removing stream_buffer.o(i.xStreamBufferSend), (230 bytes).
    Removing stream_buffer.o(i.xStreamBufferSendCompletedFromISR), (58 bytes).
    Removing stream_buffer.o(i.xStreamBufferSendFromISR), (118 bytes).
    Removing stream_buffer.o(i.xStreamBufferSetTriggerLevel), (28 bytes).
    Removing stream_buffer.o(i.xStreamBufferSpacesAvailable), (40 bytes).
    Removing tasks.o(i.pcTaskGetName), (28 bytes).
    Removing tasks.o(i.prvAddCurrentTaskToDelayedList), (164 bytes).
    Removing tasks.o(i.prvAddNewTaskToReadyList), (208 bytes).
    Removing tasks.o(i.prvCheckTasksWaitingTermination), (72 bytes).
    Removing tasks.o(i.prvDeleteTCB), (18 bytes).
    Removing tasks.o(i.prvIdleTask), (24 bytes).
    Removing tasks.o(i.prvInitialiseNewTask), (126 bytes).
    Removing tasks.o(i.prvInitialiseTaskLists), (100 bytes).
    Removing tasks.o(i.prvResetNextTaskUnblockTime), (52 bytes).
    Removing tasks.o(i.prvTaskIsTaskSuspended), (72 bytes).
    Removing tasks.o(i.ulTaskGenericNotifyTake), (124 bytes).
    Removing tasks.o(i.ulTaskGenericNotifyValueClear), (68 bytes).
    Removing tasks.o(i.uxTaskGetNumberOfTasks), (12 bytes).
    Removing tasks.o(i.uxTaskPriorityGet), (36 bytes).
    Removing tasks.o(i.uxTaskPriorityGetFromISR), (40 bytes).
    Removing tasks.o(i.uxTaskResetEventItemValue), (28 bytes).
    Removing tasks.o(i.vTaskDelay), (38 bytes).
    Removing tasks.o(i.vTaskDelete), (160 bytes).
    Removing tasks.o(i.vTaskEndScheduler), (20 bytes).
    Removing tasks.o(i.vTaskGenericNotifyGiveFromISR), (268 bytes).
    Removing tasks.o(i.vTaskInternalSetTimeOutState), (24 bytes).
    Removing tasks.o(i.vTaskMissedYield), (12 bytes).
    Removing tasks.o(i.vTaskPlaceOnEventList), (32 bytes).
    Removing tasks.o(i.vTaskPlaceOnUnorderedEventList), (80 bytes).
    Removing tasks.o(i.vTaskPrioritySet), (244 bytes).
    Removing tasks.o(i.vTaskRemoveFromUnorderedEventList), (200 bytes).
    Removing tasks.o(i.vTaskResume), (148 bytes).
    Removing tasks.o(i.vTaskSetTimeOutState), (36 bytes).
    Removing tasks.o(i.vTaskStartScheduler), (92 bytes).
    Removing tasks.o(i.vTaskSuspend), (168 bytes).
    Removing tasks.o(i.vTaskSuspendAll), (16 bytes).
    Removing tasks.o(i.vTaskSwitchContext), (120 bytes).
    Removing tasks.o(i.xTaskCatchUpTicks), (40 bytes).
    Removing tasks.o(i.xTaskCheckForTimeOut), (100 bytes).
    Removing tasks.o(i.xTaskCreate), (100 bytes).
    Removing tasks.o(i.xTaskDelayUntil), (100 bytes).
    Removing tasks.o(i.xTaskGenericNotify), (304 bytes).
    Removing tasks.o(i.xTaskGenericNotifyFromISR), (376 bytes).
    Removing tasks.o(i.xTaskGenericNotifyStateClear), (60 bytes).
    Removing tasks.o(i.xTaskGenericNotifyWait), (152 bytes).
    Removing tasks.o(i.xTaskGetCurrentTaskHandle), (12 bytes).
    Removing tasks.o(i.xTaskGetTickCount), (12 bytes).
    Removing tasks.o(i.xTaskGetTickCountFromISR), (12 bytes).
    Removing tasks.o(i.xTaskIncrementTick), (400 bytes).
    Removing tasks.o(i.xTaskRemoveFromEventList), (256 bytes).
    Removing tasks.o(i.xTaskResumeAll), (332 bytes).
    Removing tasks.o(i.xTaskResumeFromISR), (180 bytes).
    Removing tasks.o(.bss), (200 bytes).
    Removing tasks.o(.data), (64 bytes).
    Removing heap_4.o(i.prvHeapInit), (112 bytes).
    Removing heap_4.o(i.prvInsertBlockIntoFreeList), (104 bytes).
    Removing heap_4.o(i.pvPortCalloc), (66 bytes).
    Removing heap_4.o(i.pvPortMalloc), (240 bytes).
    Removing heap_4.o(i.vPortFree), (84 bytes).
    Removing heap_4.o(i.vPortGetHeapStats), (128 bytes).
    Removing heap_4.o(i.vPortInitialiseBlocks), (2 bytes).
    Removing heap_4.o(i.xPortGetFreeHeapSize), (12 bytes).
    Removing heap_4.o(i.xPortGetMinimumEverFreeHeapSize), (12 bytes).
    Removing heap_4.o(.bss), (17408 bytes).
    Removing heap_4.o(.data), (28 bytes).
    Removing port.o(.emb_text), (120 bytes).
    Removing port.o(i.prvTaskExitError), (6 bytes).
    Removing port.o(i.pxPortInitialiseStack), (32 bytes).
    Removing port.o(i.vPortEndScheduler), (2 bytes).
    Removing port.o(i.vPortEnterCritical), (28 bytes).
    Removing port.o(i.vPortExitCritical), (28 bytes).
    Removing port.o(i.vPortSVCHandler), (2 bytes).
    Removing port.o(i.vPortSetupTimerInterrupt), (28 bytes).
    Removing port.o(i.vPortYield), (24 bytes).
    Removing port.o(i.xPortStartScheduler), (56 bytes).
    Removing port.o(i.xPortSysTickHandler), (36 bytes).
    Removing port.o(.data), (4 bytes).
    Removing fadd.o(.text), (178 bytes).
    Removing fmul.o(.text), (122 bytes).
    Removing fdiv.o(.text), (124 bytes).
    Removing dadd.o(.text), (360 bytes).
    Removing fflti.o(.text), (22 bytes).
    Removing ffltui.o(.text), (14 bytes).
    Removing ffixui.o(.text), (40 bytes).
    Removing dfixui.o(.text), (60 bytes).
    Removing f2d.o(.text), (40 bytes).
    Removing fepilogue.o(.text), (130 bytes).
    Removing depilogue.o(.text), (190 bytes).
    Removing depilogue.o(i.__ARM_clz), (46 bytes).

669 unused section(s) (total 76284 bytes) removed from the image.

==============================================================================

Image Symbol Table

    Local Symbols

    Symbol Name                              Value     Ov Type        Size  Object(Section)

    RESET                                    0x00000000   Section      192  startup_cw32f030.o(RESET)
    ../clib/microlib/division.c              0x00000000   Number         0  ldiv.o ABSOLUTE
    ../clib/microlib/division.c              0x00000000   Number         0  uldiv.o ABSOLUTE
    ../clib/microlib/division.c              0x00000000   Number         0  uidiv.o ABSOLUTE
    ../clib/microlib/init/entry.s            0x00000000   Number         0  entry2.o ABSOLUTE
    ../clib/microlib/init/entry.s            0x00000000   Number         0  entry9b.o ABSOLUTE
    ../clib/microlib/init/entry.s            0x00000000   Number         0  entry9a.o ABSOLUTE
    ../clib/microlib/init/entry.s            0x00000000   Number         0  entry8b.o ABSOLUTE
    ../clib/microlib/init/entry.s            0x00000000   Number         0  entry8a.o ABSOLUTE
    ../clib/microlib/init/entry.s            0x00000000   Number         0  entry11b.o ABSOLUTE
    ../clib/microlib/init/entry.s            0x00000000   Number         0  entry7b.o ABSOLUTE
    ../clib/microlib/init/entry.s            0x00000000   Number         0  entry7a.o ABSOLUTE
    ../clib/microlib/init/entry.s            0x00000000   Number         0  entry11a.o ABSOLUTE
    ../clib/microlib/init/entry.s            0x00000000   Number         0  entry5.o ABSOLUTE
    ../clib/microlib/init/entry.s            0x00000000   Number         0  entry10a.o ABSOLUTE
    ../clib/microlib/init/entry.s            0x00000000   Number         0  entry10b.o ABSOLUTE
    ../clib/microlib/init/entry.s            0x00000000   Number         0  entry12b.o ABSOLUTE
    ../clib/microlib/init/entry.s            0x00000000   Number         0  entry12a.o ABSOLUTE
    ../clib/microlib/init/entry.s            0x00000000   Number         0  entry.o ABSOLUTE
    ../clib/microlib/longlong.c              0x00000000   Number         0  llsshr.o ABSOLUTE
    ../clib/microlib/longlong.c              0x00000000   Number         0  llushr.o ABSOLUTE
    ../clib/microlib/longlong.c              0x00000000   Number         0  llshl.o ABSOLUTE
    ../clib/microlib/string/memcpy.c         0x00000000   Number         0  memcpyb.o ABSOLUTE
    ../clib/microlib/string/memcpy.c         0x00000000   Number         0  memcpya.o ABSOLUTE
    ../clib/microlib/string/memset.c         0x00000000   Number         0  memseta.o ABSOLUTE
    ../clib/microlib/stubs.s                 0x00000000   Number         0  iusefp.o ABSOLUTE
    ../fplib/microlib/f2d.c                  0x00000000   Number         0  f2d.o ABSOLUTE
    ../fplib/microlib/fpadd.c                0x00000000   Number         0  dadd.o ABSOLUTE
    ../fplib/microlib/fpadd.c                0x00000000   Number         0  fadd.o ABSOLUTE
    ../fplib/microlib/fpdiv.c                0x00000000   Number         0  fdiv.o ABSOLUTE
    ../fplib/microlib/fpepilogue.c           0x00000000   Number         0  fepilogue.o ABSOLUTE
    ../fplib/microlib/fpepilogue.c           0x00000000   Number         0  depilogue.o ABSOLUTE
    ../fplib/microlib/fpfix.c                0x00000000   Number         0  dfixui.o ABSOLUTE
    ../fplib/microlib/fpfix.c                0x00000000   Number         0  ffixui.o ABSOLUTE
    ../fplib/microlib/fpflt.c                0x00000000   Number         0  ffltui.o ABSOLUTE
    ../fplib/microlib/fpflt.c                0x00000000   Number         0  fflti.o ABSOLUTE
    ../fplib/microlib/fpmul.c                0x00000000   Number         0  fmul.o ABSOLUTE
    BSP\\src\\key.c                          0x00000000   Number         0  key.o ABSOLUTE
    BSP\\src\\lcd.c                          0x00000000   Number         0  lcd.o ABSOLUTE
    BSP\\src\\led.c                          0x00000000   Number         0  led.o ABSOLUTE
    BSP\\src\\rcc.c                          0x00000000   Number         0  rcc.o ABSOLUTE
    BSP\src\delay.c                          0x00000000   Number         0  delay.o ABSOLUTE
    BSP\src\key.c                            0x00000000   Number         0  key.o ABSOLUTE
    BSP\src\lcd.c                            0x00000000   Number         0  lcd.o ABSOLUTE
    BSP\src\led.c                            0x00000000   Number         0  led.o ABSOLUTE
    BSP\src\rcc.c                            0x00000000   Number         0  rcc.o ABSOLUTE
    FreeRTOS\\protable\\port.c               0x00000000   Number         0  port.o ABSOLUTE
    FreeRTOS\protable\heap_4.c               0x00000000   Number         0  heap_4.o ABSOLUTE
    FreeRTOS\protable\port.c                 0x00000000   Number         0  port.o ABSOLUTE
    FreeRTOS\source\croutine.c               0x00000000   Number         0  croutine.o ABSOLUTE
    FreeRTOS\source\event_groups.c           0x00000000   Number         0  event_groups.o ABSOLUTE
    FreeRTOS\source\list.c                   0x00000000   Number         0  list.o ABSOLUTE
    FreeRTOS\source\queue.c                  0x00000000   Number         0  queue.o ABSOLUTE
    FreeRTOS\source\stream_buffer.c          0x00000000   Number         0  stream_buffer.o ABSOLUTE
    FreeRTOS\source\tasks.c                  0x00000000   Number         0  tasks.o ABSOLUTE
    FreeRTOS\source\timers.c                 0x00000000   Number         0  timers.o ABSOLUTE
    Libraries\\src\\cw32f030_adc.c           0x00000000   Number         0  cw32f030_adc.o ABSOLUTE
    Libraries\\src\\cw32f030_atim.c          0x00000000   Number         0  cw32f030_atim.o ABSOLUTE
    Libraries\\src\\cw32f030_awt.c           0x00000000   Number         0  cw32f030_awt.o ABSOLUTE
    Libraries\\src\\cw32f030_btim.c          0x00000000   Number         0  cw32f030_btim.o ABSOLUTE
    Libraries\\src\\cw32f030_crc.c           0x00000000   Number         0  cw32f030_crc.o ABSOLUTE
    Libraries\\src\\cw32f030_debug.c         0x00000000   Number         0  cw32f030_debug.o ABSOLUTE
    Libraries\\src\\cw32f030_digitalsign.c   0x00000000   Number         0  cw32f030_digitalsign.o ABSOLUTE
    Libraries\\src\\cw32f030_dma.c           0x00000000   Number         0  cw32f030_dma.o ABSOLUTE
    Libraries\\src\\cw32f030_flash.c         0x00000000   Number         0  cw32f030_flash.o ABSOLUTE
    Libraries\\src\\cw32f030_gpio.c          0x00000000   Number         0  cw32f030_gpio.o ABSOLUTE
    Libraries\\src\\cw32f030_gtim.c          0x00000000   Number         0  cw32f030_gtim.o ABSOLUTE
    Libraries\\src\\cw32f030_i2c.c           0x00000000   Number         0  cw32f030_i2c.o ABSOLUTE
    Libraries\\src\\cw32f030_iwdt.c          0x00000000   Number         0  cw32f030_iwdt.o ABSOLUTE
    Libraries\\src\\cw32f030_lvd.c           0x00000000   Number         0  cw32f030_lvd.o ABSOLUTE
    Libraries\\src\\cw32f030_pwr.c           0x00000000   Number         0  cw32f030_pwr.o ABSOLUTE
    Libraries\\src\\cw32f030_ram.c           0x00000000   Number         0  cw32f030_ram.o ABSOLUTE
    Libraries\\src\\cw32f030_rcc.c           0x00000000   Number         0  cw32f030_rcc.o ABSOLUTE
    Libraries\\src\\cw32f030_rtc.c           0x00000000   Number         0  cw32f030_rtc.o ABSOLUTE
    Libraries\\src\\cw32f030_spi.c           0x00000000   Number         0  cw32f030_spi.o ABSOLUTE
    Libraries\\src\\cw32f030_systick.c       0x00000000   Number         0  cw32f030_systick.o ABSOLUTE
    Libraries\\src\\cw32f030_uart.c          0x00000000   Number         0  cw32f030_uart.o ABSOLUTE
    Libraries\\src\\cw32f030_vc.c            0x00000000   Number         0  cw32f030_vc.o ABSOLUTE
    Libraries\\src\\cw32f030_wwdt.c          0x00000000   Number         0  cw32f030_wwdt.o ABSOLUTE
    Libraries\\src\\system_cw32f030.c        0x00000000   Number         0  system_cw32f030.o ABSOLUTE
    Libraries\src\cw32f030_adc.c             0x00000000   Number         0  cw32f030_adc.o ABSOLUTE
    Libraries\src\cw32f030_atim.c            0x00000000   Number         0  cw32f030_atim.o ABSOLUTE
    Libraries\src\cw32f030_awt.c             0x00000000   Number         0  cw32f030_awt.o ABSOLUTE
    Libraries\src\cw32f030_btim.c            0x00000000   Number         0  cw32f030_btim.o ABSOLUTE
    Libraries\src\cw32f030_crc.c             0x00000000   Number         0  cw32f030_crc.o ABSOLUTE
    Libraries\src\cw32f030_debug.c           0x00000000   Number         0  cw32f030_debug.o ABSOLUTE
    Libraries\src\cw32f030_digitalsign.c     0x00000000   Number         0  cw32f030_digitalsign.o ABSOLUTE
    Libraries\src\cw32f030_dma.c             0x00000000   Number         0  cw32f030_dma.o ABSOLUTE
    Libraries\src\cw32f030_flash.c           0x00000000   Number         0  cw32f030_flash.o ABSOLUTE
    Libraries\src\cw32f030_gpio.c            0x00000000   Number         0  cw32f030_gpio.o ABSOLUTE
    Libraries\src\cw32f030_gtim.c            0x00000000   Number         0  cw32f030_gtim.o ABSOLUTE
    Libraries\src\cw32f030_i2c.c             0x00000000   Number         0  cw32f030_i2c.o ABSOLUTE
    Libraries\src\cw32f030_iwdt.c            0x00000000   Number         0  cw32f030_iwdt.o ABSOLUTE
    Libraries\src\cw32f030_lvd.c             0x00000000   Number         0  cw32f030_lvd.o ABSOLUTE
    Libraries\src\cw32f030_pwr.c             0x00000000   Number         0  cw32f030_pwr.o ABSOLUTE
    Libraries\src\cw32f030_ram.c             0x00000000   Number         0  cw32f030_ram.o ABSOLUTE
    Libraries\src\cw32f030_rcc.c             0x00000000   Number         0  cw32f030_rcc.o ABSOLUTE
    Libraries\src\cw32f030_rtc.c             0x00000000   Number         0  cw32f030_rtc.o ABSOLUTE
    Libraries\src\cw32f030_spi.c             0x00000000   Number         0  cw32f030_spi.o ABSOLUTE
    Libraries\src\cw32f030_systick.c         0x00000000   Number         0  cw32f030_systick.o ABSOLUTE
    Libraries\src\cw32f030_uart.c            0x00000000   Number         0  cw32f030_uart.o ABSOLUTE
    Libraries\src\cw32f030_vc.c              0x00000000   Number         0  cw32f030_vc.o ABSOLUTE
    Libraries\src\cw32f030_wwdt.c            0x00000000   Number         0  cw32f030_wwdt.o ABSOLUTE
    Libraries\src\system_cw32f030.c          0x00000000   Number         0  system_cw32f030.o ABSOLUTE
    User\\src\\main.c                        0x00000000   Number         0  main.o ABSOLUTE
    User\src\interrupts_cw32f030.c           0x00000000   Number         0  interrupts_cw32f030.o ABSOLUTE
    User\src\main.c                          0x00000000   Number         0  main.o ABSOLUTE
    dc.s                                     0x00000000   Number         0  dc.o ABSOLUTE
    handlers.s                               0x00000000   Number         0  handlers.o ABSOLUTE
    init.s                                   0x00000000   Number         0  init.o ABSOLUTE
    startup_cw32f030.s                       0x00000000   Number         0  startup_cw32f030.o ABSOLUTE
    .ARM.Collect$$$$00000000                 0x000000c0   Section        0  entry.o(.ARM.Collect$$$$00000000)
    .ARM.Collect$$$$00000001                 0x000000c0   Section        4  entry2.o(.ARM.Collect$$$$00000001)
    .ARM.Collect$$$$00000004                 0x000000c4   Section        4  entry5.o(.ARM.Collect$$$$00000004)
    .ARM.Collect$$$$00000008                 0x000000c8   Section        0  entry7b.o(.ARM.Collect$$$$00000008)
    .ARM.Collect$$$$0000000A                 0x000000c8   Section        0  entry8b.o(.ARM.Collect$$$$0000000A)
    .ARM.Collect$$$$0000000B                 0x000000c8   Section        8  entry9a.o(.ARM.Collect$$$$0000000B)
    .ARM.Collect$$$$0000000E                 0x000000d0   Section        4  entry12b.o(.ARM.Collect$$$$0000000E)
    .ARM.Collect$$$$0000000F                 0x000000d4   Section        0  entry10a.o(.ARM.Collect$$$$0000000F)
    .ARM.Collect$$$$00000011                 0x000000d4   Section        0  entry11a.o(.ARM.Collect$$$$00000011)
    .ARM.Collect$$$$00002712                 0x000000d4   Section        4  entry2.o(.ARM.Collect$$$$00002712)
    __lit__00000000                          0x000000d4   Data           4  entry2.o(.ARM.Collect$$$$00002712)
    .text                                    0x000000d8   Section       28  startup_cw32f030.o(.text)
    .text                                    0x000000f4   Section        0  uidiv.o(.text)
    .text                                    0x00000120   Section        0  memcpya.o(.text)
    .text                                    0x00000144   Section       36  init.o(.text)
    i.ADC_IRQHandler                         0x00000168   Section        0  interrupts_cw32f030.o(i.ADC_IRQHandler)
    i.ATIM_IRQHandler                        0x0000016a   Section        0  interrupts_cw32f030.o(i.ATIM_IRQHandler)
    i.AWT_IRQHandler                         0x0000016c   Section        0  interrupts_cw32f030.o(i.AWT_IRQHandler)
    i.BTIM1_IRQHandler                       0x0000016e   Section        0  interrupts_cw32f030.o(i.BTIM1_IRQHandler)
    i.BTIM2_IRQHandler                       0x00000170   Section        0  interrupts_cw32f030.o(i.BTIM2_IRQHandler)
    i.BTIM3_IRQHandler                       0x00000172   Section        0  interrupts_cw32f030.o(i.BTIM3_IRQHandler)
    i.DMACH1_IRQHandler                      0x00000174   Section        0  interrupts_cw32f030.o(i.DMACH1_IRQHandler)
    i.DMACH23_IRQHandler                     0x00000176   Section        0  interrupts_cw32f030.o(i.DMACH23_IRQHandler)
    i.DMACH45_IRQHandler                     0x00000178   Section        0  interrupts_cw32f030.o(i.DMACH45_IRQHandler)
    i.Delay                                  0x0000017a   Section        0  delay.o(i.Delay)
    i.FAULT_IRQHandler                       0x00000186   Section        0  interrupts_cw32f030.o(i.FAULT_IRQHandler)
    i.FLASHRAM_IRQHandler                    0x00000188   Section        0  interrupts_cw32f030.o(i.FLASHRAM_IRQHandler)
    i.FLASH_SetLatency                       0x0000018c   Section        0  cw32f030_flash.o(i.FLASH_SetLatency)
    i.GPIOA_IRQHandler                       0x000001fc   Section        0  interrupts_cw32f030.o(i.GPIOA_IRQHandler)
    i.GPIOB_IRQHandler                       0x000001fe   Section        0  interrupts_cw32f030.o(i.GPIOB_IRQHandler)
    i.GPIOC_IRQHandler                       0x00000200   Section        0  interrupts_cw32f030.o(i.GPIOC_IRQHandler)
    i.GPIOF_IRQHandler                       0x00000202   Section        0  interrupts_cw32f030.o(i.GPIOF_IRQHandler)
    i.GPIO_Configuration                     0x00000204   Section        0  main.o(i.GPIO_Configuration)
    i.GPIO_Init                              0x00000240   Section        0  cw32f030_gpio.o(i.GPIO_Init)
    i.GPIO_ReadPin                           0x00000340   Section        0  cw32f030_gpio.o(i.GPIO_ReadPin)
    i.GPIO_WritePin                          0x00000352   Section        0  cw32f030_gpio.o(i.GPIO_WritePin)
    i.GTIM1_IRQHandler                       0x0000035e   Section        0  interrupts_cw32f030.o(i.GTIM1_IRQHandler)
    i.GTIM2_IRQHandler                       0x00000360   Section        0  interrupts_cw32f030.o(i.GTIM2_IRQHandler)
    i.GTIM3_IRQHandler                       0x00000362   Section        0  interrupts_cw32f030.o(i.GTIM3_IRQHandler)
    i.GTIM4_IRQHandler                       0x00000364   Section        0  interrupts_cw32f030.o(i.GTIM4_IRQHandler)
    i.HardFault_Handler                      0x00000366   Section        0  interrupts_cw32f030.o(i.HardFault_Handler)
    i.I2C1_IRQHandler                        0x0000036a   Section        0  interrupts_cw32f030.o(i.I2C1_IRQHandler)
    i.I2C2_IRQHandler                        0x0000036c   Section        0  interrupts_cw32f030.o(i.I2C2_IRQHandler)
    i.LCD_GPIO_Init                          0x00000370   Section        0  lcd.o(i.LCD_GPIO_Init)
    i.LCD_WriteData_16Bit                    0x000003c4   Section        0  lcd.o(i.LCD_WriteData_16Bit)
    i.LED2_OFF                               0x000003ec   Section        0  led.o(i.LED2_OFF)
    i.LED2_ON                                0x000003fc   Section        0  led.o(i.LED2_ON)
    i.LVD_IRQHandler                         0x0000040c   Section        0  interrupts_cw32f030.o(i.LVD_IRQHandler)
    i.Lcd_Clear                              0x0000040e   Section        0  lcd.o(i.Lcd_Clear)
    i.Lcd_Init                               0x00000440   Section        0  lcd.o(i.Lcd_Init)
    i.Lcd_Reset                              0x00000678   Section        0  lcd.o(i.Lcd_Reset)
    i.Lcd_SetRegion                          0x000006ac   Section        0  lcd.o(i.Lcd_SetRegion)
    i.Lcd_WriteData                          0x00000700   Section        0  lcd.o(i.Lcd_WriteData)
    i.Lcd_WriteIndex                         0x00000720   Section        0  lcd.o(i.Lcd_WriteIndex)
    i.NMI_Handler                            0x00000740   Section        0  interrupts_cw32f030.o(i.NMI_Handler)
    i.PendSV_Handler                         0x00000742   Section        0  interrupts_cw32f030.o(i.PendSV_Handler)
    i.RCC_Configuration                      0x00000744   Section        0  main.o(i.RCC_Configuration)
    i.RCC_HCLKPRS_Config                     0x00000790   Section        0  cw32f030_rcc.o(i.RCC_HCLKPRS_Config)
    i.RCC_HSI_Enable                         0x00000800   Section        0  cw32f030_rcc.o(i.RCC_HSI_Enable)
    i.RCC_IRQHandler                         0x0000088c   Section        0  interrupts_cw32f030.o(i.RCC_IRQHandler)
    i.RCC_PCLKPRS_Config                     0x00000890   Section        0  cw32f030_rcc.o(i.RCC_PCLKPRS_Config)
    i.RCC_PLL_Enable                         0x000008f0   Section        0  cw32f030_rcc.o(i.RCC_PLL_Enable)
    i.RCC_SysClk_Switch                      0x00000a34   Section        0  cw32f030_rcc.o(i.RCC_SysClk_Switch)
    i.RCC_Sysctrl_GetHClkFreq                0x00000ab4   Section        0  cw32f030_rcc.o(i.RCC_Sysctrl_GetHClkFreq)
    i.RCC_SystemCoreClockUpdate              0x00000b8c   Section        0  cw32f030_rcc.o(i.RCC_SystemCoreClockUpdate)
    i.RTC_IRQHandler                         0x00000b98   Section        0  interrupts_cw32f030.o(i.RTC_IRQHandler)
    i.Read_Key1                              0x00000b9c   Section        0  key.o(i.Read_Key1)
    i.SPI1_IRQHandler                        0x00000bd4   Section        0  interrupts_cw32f030.o(i.SPI1_IRQHandler)
    i.SPI2_IRQHandler                        0x00000bd6   Section        0  interrupts_cw32f030.o(i.SPI2_IRQHandler)
    i.SPI_WriteData                          0x00000bd8   Section        0  lcd.o(i.SPI_WriteData)
    i.SVC_Handler                            0x00000c10   Section        0  interrupts_cw32f030.o(i.SVC_Handler)
    i.SysTick_Handler                        0x00000c14   Section        0  cw32f030_systick.o(i.SysTick_Handler)
    i.SystemCoreClockUpdate                  0x00000c2c   Section        0  system_cw32f030.o(i.SystemCoreClockUpdate)
    i.SystemInit                             0x00000c3c   Section        0  system_cw32f030.o(i.SystemInit)
    i.UART1_IRQHandler                       0x00000c78   Section        0  interrupts_cw32f030.o(i.UART1_IRQHandler)
    i.UART2_IRQHandler                       0x00000c7a   Section        0  interrupts_cw32f030.o(i.UART2_IRQHandler)
    i.UART3_IRQHandler                       0x00000c7c   Section        0  interrupts_cw32f030.o(i.UART3_IRQHandler)
    i.VC1_IRQHandler                         0x00000c7e   Section        0  interrupts_cw32f030.o(i.VC1_IRQHandler)
    i.VC2_IRQHandler                         0x00000c80   Section        0  interrupts_cw32f030.o(i.VC2_IRQHandler)
    i.WDT_IRQHandler                         0x00000c82   Section        0  interrupts_cw32f030.o(i.WDT_IRQHandler)
    i.__ARM_common_switch8                   0x00000c84   Section        0  cw32f030_i2c.o(i.__ARM_common_switch8)
    i.__scatterload_copy                     0x00000ca0   Section       14  handlers.o(i.__scatterload_copy)
    i.__scatterload_null                     0x00000cae   Section        2  handlers.o(i.__scatterload_null)
    i.__scatterload_zeroinit                 0x00000cb0   Section       14  handlers.o(i.__scatterload_zeroinit)
    i.assert_failed                          0x00000cbe   Section        0  main.o(i.assert_failed)
    i.main                                   0x00000cc0   Section        0  main.o(i.main)
    .constdata                               0x00000cec   Section      100  cw32f030_rcc.o(.constdata)
    .data                                    0x20000000   Section        4  system_cw32f030.o(.data)
    .data                                    0x20000004   Section        9  cw32f030_systick.o(.data)
    STACK                                    0x20000010   Section      512  startup_cw32f030.o(STACK)

    Global Symbols

    Symbol Name                              Value     Ov Type        Size  Object(Section)

    BuildAttributes$$THM_ISAv3M$S$PE$A:L22$X:L11$S22$IEEE1$IW$USESV6$~STKCKD$USESV7$~SHL$OTIME$ROPI$EBA8$MICROLIB$REQ8$PRES8$EABIv2 0x00000000   Number         0  anon$$obj.o ABSOLUTE
    __ARM_use_no_argv                        0x00000000   Number         0  main.o ABSOLUTE
    __Vectors                                0x00000000   Data           0  startup_cw32f030.o(RESET)
    __arm_fini_                               - Undefined Weak Reference
    __cpp_initialize__aeabi_                  - Undefined Weak Reference
    __cxa_finalize                            - Undefined Weak Reference
    __decompress                              - Undefined Weak Reference
    _clock_init                               - Undefined Weak Reference
    _microlib_exit                            - Undefined Weak Reference
    __Vectors_End                            0x000000c0   Data           0  startup_cw32f030.o(RESET)
    __Vectors_Size                           0x000000c0   Number         0  startup_cw32f030.o ABSOLUTE
    __main                                   0x000000c1   Thumb Code     0  entry.o(.ARM.Collect$$$$00000000)
    _main_stk                                0x000000c1   Thumb Code     0  entry2.o(.ARM.Collect$$$$00000001)
    _main_scatterload                        0x000000c5   Thumb Code     0  entry5.o(.ARM.Collect$$$$00000004)
    __main_after_scatterload                 0x000000c9   Thumb Code     0  entry5.o(.ARM.Collect$$$$00000004)
    _main_clock                              0x000000c9   Thumb Code     0  entry7b.o(.ARM.Collect$$$$00000008)
    _main_cpp_init                           0x000000c9   Thumb Code     0  entry8b.o(.ARM.Collect$$$$0000000A)
    _main_init                               0x000000c9   Thumb Code     0  entry9a.o(.ARM.Collect$$$$0000000B)
    __rt_lib_shutdown_fini                   0x000000d1   Thumb Code     0  entry12b.o(.ARM.Collect$$$$0000000E)
    __rt_final_cpp                           0x000000d5   Thumb Code     0  entry10a.o(.ARM.Collect$$$$0000000F)
    __rt_final_exit                          0x000000d5   Thumb Code     0  entry11a.o(.ARM.Collect$$$$00000011)
    Reset_Handler                            0x000000d9   Thumb Code     8  startup_cw32f030.o(.text)
    __aeabi_uidiv                            0x000000f5   Thumb Code     0  uidiv.o(.text)
    __aeabi_uidivmod                         0x000000f5   Thumb Code    44  uidiv.o(.text)
    __aeabi_memcpy                           0x00000121   Thumb Code    36  memcpya.o(.text)
    __aeabi_memcpy4                          0x00000121   Thumb Code     0  memcpya.o(.text)
    __aeabi_memcpy8                          0x00000121   Thumb Code     0  memcpya.o(.text)
    __scatterload                            0x00000145   Thumb Code    28  init.o(.text)
    __scatterload_rt2                        0x00000145   Thumb Code     0  init.o(.text)
    ADC_IRQHandler                           0x00000169   Thumb Code     2  interrupts_cw32f030.o(i.ADC_IRQHandler)
    ATIM_IRQHandler                          0x0000016b   Thumb Code     2  interrupts_cw32f030.o(i.ATIM_IRQHandler)
    AWT_IRQHandler                           0x0000016d   Thumb Code     2  interrupts_cw32f030.o(i.AWT_IRQHandler)
    BTIM1_IRQHandler                         0x0000016f   Thumb Code     2  interrupts_cw32f030.o(i.BTIM1_IRQHandler)
    BTIM2_IRQHandler                         0x00000171   Thumb Code     2  interrupts_cw32f030.o(i.BTIM2_IRQHandler)
    BTIM3_IRQHandler                         0x00000173   Thumb Code     2  interrupts_cw32f030.o(i.BTIM3_IRQHandler)
    DMACH1_IRQHandler                        0x00000175   Thumb Code     2  interrupts_cw32f030.o(i.DMACH1_IRQHandler)
    DMACH23_IRQHandler                       0x00000177   Thumb Code     2  interrupts_cw32f030.o(i.DMACH23_IRQHandler)
    DMACH45_IRQHandler                       0x00000179   Thumb Code     2  interrupts_cw32f030.o(i.DMACH45_IRQHandler)
    Delay                                    0x0000017b   Thumb Code    12  delay.o(i.Delay)
    FAULT_IRQHandler                         0x00000187   Thumb Code     2  interrupts_cw32f030.o(i.FAULT_IRQHandler)
    FLASHRAM_IRQHandler                      0x00000189   Thumb Code     2  interrupts_cw32f030.o(i.FLASHRAM_IRQHandler)
    FLASH_SetLatency                         0x0000018d   Thumb Code    66  cw32f030_flash.o(i.FLASH_SetLatency)
    GPIOA_IRQHandler                         0x000001fd   Thumb Code     2  interrupts_cw32f030.o(i.GPIOA_IRQHandler)
    GPIOB_IRQHandler                         0x000001ff   Thumb Code     2  interrupts_cw32f030.o(i.GPIOB_IRQHandler)
    GPIOC_IRQHandler                         0x00000201   Thumb Code     2  interrupts_cw32f030.o(i.GPIOC_IRQHandler)
    GPIOF_IRQHandler                         0x00000203   Thumb Code     2  interrupts_cw32f030.o(i.GPIOF_IRQHandler)
    GPIO_Configuration                       0x00000205   Thumb Code    48  main.o(i.GPIO_Configuration)
    GPIO_Init                                0x00000241   Thumb Code   252  cw32f030_gpio.o(i.GPIO_Init)
    GPIO_ReadPin                             0x00000341   Thumb Code    18  cw32f030_gpio.o(i.GPIO_ReadPin)
    GPIO_WritePin                            0x00000353   Thumb Code    12  cw32f030_gpio.o(i.GPIO_WritePin)
    GTIM1_IRQHandler                         0x0000035f   Thumb Code     2  interrupts_cw32f030.o(i.GTIM1_IRQHandler)
    GTIM2_IRQHandler                         0x00000361   Thumb Code     2  interrupts_cw32f030.o(i.GTIM2_IRQHandler)
    GTIM3_IRQHandler                         0x00000363   Thumb Code     2  interrupts_cw32f030.o(i.GTIM3_IRQHandler)
    GTIM4_IRQHandler                         0x00000365   Thumb Code     2  interrupts_cw32f030.o(i.GTIM4_IRQHandler)
    HardFault_Handler                        0x00000367   Thumb Code     4  interrupts_cw32f030.o(i.HardFault_Handler)
    I2C1_IRQHandler                          0x0000036b   Thumb Code     2  interrupts_cw32f030.o(i.I2C1_IRQHandler)
    I2C2_IRQHandler                          0x0000036d   Thumb Code     2  interrupts_cw32f030.o(i.I2C2_IRQHandler)
    LCD_GPIO_Init                            0x00000371   Thumb Code    72  lcd.o(i.LCD_GPIO_Init)
    LCD_WriteData_16Bit                      0x000003c5   Thumb Code    36  lcd.o(i.LCD_WriteData_16Bit)
    LED2_OFF                                 0x000003ed   Thumb Code    16  led.o(i.LED2_OFF)
    LED2_ON                                  0x000003fd   Thumb Code    16  led.o(i.LED2_ON)
    LVD_IRQHandler                           0x0000040d   Thumb Code     2  interrupts_cw32f030.o(i.LVD_IRQHandler)
    Lcd_Clear                                0x0000040f   Thumb Code    50  lcd.o(i.Lcd_Clear)
    Lcd_Init                                 0x00000441   Thumb Code   564  lcd.o(i.Lcd_Init)
    Lcd_Reset                                0x00000679   Thumb Code    42  lcd.o(i.Lcd_Reset)
    Lcd_SetRegion                            0x000006ad   Thumb Code    82  lcd.o(i.Lcd_SetRegion)
    Lcd_WriteData                            0x00000701   Thumb Code    28  lcd.o(i.Lcd_WriteData)
    Lcd_WriteIndex                           0x00000721   Thumb Code    28  lcd.o(i.Lcd_WriteIndex)
    NMI_Handler                              0x00000741   Thumb Code     2  interrupts_cw32f030.o(i.NMI_Handler)
    PendSV_Handler                           0x00000743   Thumb Code     2  interrupts_cw32f030.o(i.PendSV_Handler)
    RCC_Configuration                        0x00000745   Thumb Code    62  main.o(i.RCC_Configuration)
    RCC_HCLKPRS_Config                       0x00000791   Thumb Code    66  cw32f030_rcc.o(i.RCC_HCLKPRS_Config)
    RCC_HSI_Enable                           0x00000801   Thumb Code   100  cw32f030_rcc.o(i.RCC_HSI_Enable)
    RCC_IRQHandler                           0x0000088d   Thumb Code     2  interrupts_cw32f030.o(i.RCC_IRQHandler)
    RCC_PCLKPRS_Config                       0x00000891   Thumb Code    50  cw32f030_rcc.o(i.RCC_PCLKPRS_Config)
    RCC_PLL_Enable                           0x000008f1   Thumb Code   272  cw32f030_rcc.o(i.RCC_PLL_Enable)
    RCC_SysClk_Switch                        0x00000a35   Thumb Code    86  cw32f030_rcc.o(i.RCC_SysClk_Switch)
    RCC_Sysctrl_GetHClkFreq                  0x00000ab5   Thumb Code   194  cw32f030_rcc.o(i.RCC_Sysctrl_GetHClkFreq)
    RCC_SystemCoreClockUpdate                0x00000b8d   Thumb Code     6  cw32f030_rcc.o(i.RCC_SystemCoreClockUpdate)
    RTC_IRQHandler                           0x00000b99   Thumb Code     2  interrupts_cw32f030.o(i.RTC_IRQHandler)
    Read_Key1                                0x00000b9d   Thumb Code    48  key.o(i.Read_Key1)
    SPI1_IRQHandler                          0x00000bd5   Thumb Code     2  interrupts_cw32f030.o(i.SPI1_IRQHandler)
    SPI2_IRQHandler                          0x00000bd7   Thumb Code     2  interrupts_cw32f030.o(i.SPI2_IRQHandler)
    SPI_WriteData                            0x00000bd9   Thumb Code    50  lcd.o(i.SPI_WriteData)
    SVC_Handler                              0x00000c11   Thumb Code     2  interrupts_cw32f030.o(i.SVC_Handler)
    SysTick_Handler                          0x00000c15   Thumb Code    16  cw32f030_systick.o(i.SysTick_Handler)
    SystemCoreClockUpdate                    0x00000c2d   Thumb Code     8  system_cw32f030.o(i.SystemCoreClockUpdate)
    SystemInit                               0x00000c3d   Thumb Code    54  system_cw32f030.o(i.SystemInit)
    UART1_IRQHandler                         0x00000c79   Thumb Code     2  interrupts_cw32f030.o(i.UART1_IRQHandler)
    UART2_IRQHandler                         0x00000c7b   Thumb Code     2  interrupts_cw32f030.o(i.UART2_IRQHandler)
    UART3_IRQHandler                         0x00000c7d   Thumb Code     2  interrupts_cw32f030.o(i.UART3_IRQHandler)
    VC1_IRQHandler                           0x00000c7f   Thumb Code     2  interrupts_cw32f030.o(i.VC1_IRQHandler)
    VC2_IRQHandler                           0x00000c81   Thumb Code     2  interrupts_cw32f030.o(i.VC2_IRQHandler)
    WDT_IRQHandler                           0x00000c83   Thumb Code     2  interrupts_cw32f030.o(i.WDT_IRQHandler)
    __ARM_common_switch8                     0x00000c85   Thumb Code    28  cw32f030_i2c.o(i.__ARM_common_switch8)
    __scatterload_copy                       0x00000ca1   Thumb Code    14  handlers.o(i.__scatterload_copy)
    __scatterload_null                       0x00000caf   Thumb Code     2  handlers.o(i.__scatterload_null)
    __scatterload_zeroinit                   0x00000cb1   Thumb Code    14  handlers.o(i.__scatterload_zeroinit)
    assert_failed                            0x00000cbf   Thumb Code     2  main.o(i.assert_failed)
    main                                     0x00000cc1   Thumb Code    42  main.o(i.main)
    hsiprs_tbl                               0x00000cec   Data          64  cw32f030_rcc.o(.constdata)
    Region$$Table$$Base                      0x00000d50   Number         0  anon$$obj.o(Region$$Table)
    Region$$Table$$Limit                     0x00000d70   Number         0  anon$$obj.o(Region$$Table)
    SystemCoreClock                          0x20000000   Data           4  system_cw32f030.o(.data)
    uwTick                                   0x20000004   Data           4  cw32f030_systick.o(.data)
    uwTickPrio                               0x20000008   Data           4  cw32f030_systick.o(.data)
    uwTickFreq                               0x2000000c   Data           1  cw32f030_systick.o(.data)
    __initial_sp                             0x20000210   Data           0  startup_cw32f030.o(STACK)



==============================================================================

Memory Map of the image

  Image Entry point : 0x000000c1

  Load Region LR_IROM1 (Base: 0x00000000, Size: 0x00000d80, Max: 0x00010000, ABSOLUTE)

    Execution Region ER_IROM1 (Exec base: 0x00000000, Load base: 0x00000000, Size: 0x00000d70, Max: 0x00010000, ABSOLUTE)

    Exec Addr    Load Addr    Size         Type   Attr      Idx    E Section Name        Object

    0x00000000   0x00000000   0x000000c0   Data   RO          368    RESET               startup_cw32f030.o
    0x000000c0   0x000000c0   0x00000000   Code   RO         4846  * .ARM.Collect$$$$00000000  mc_p.l(entry.o)
    0x000000c0   0x000000c0   0x00000004   Code   RO         4877    .ARM.Collect$$$$00000001  mc_p.l(entry2.o)
    0x000000c4   0x000000c4   0x00000004   Code   RO         4880    .ARM.Collect$$$$00000004  mc_p.l(entry5.o)
    0x000000c8   0x000000c8   0x00000000   Code   RO         4882    .ARM.Collect$$$$00000008  mc_p.l(entry7b.o)
    0x000000c8   0x000000c8   0x00000000   Code   RO         4884    .ARM.Collect$$$$0000000A  mc_p.l(entry8b.o)
    0x000000c8   0x000000c8   0x00000008   Code   RO         4885    .ARM.Collect$$$$0000000B  mc_p.l(entry9a.o)
    0x000000d0   0x000000d0   0x00000004   Code   RO         4892    .ARM.Collect$$$$0000000E  mc_p.l(entry12b.o)
    0x000000d4   0x000000d4   0x00000000   Code   RO         4887    .ARM.Collect$$$$0000000F  mc_p.l(entry10a.o)
    0x000000d4   0x000000d4   0x00000000   Code   RO         4889    .ARM.Collect$$$$00000011  mc_p.l(entry11a.o)
    0x000000d4   0x000000d4   0x00000004   Code   RO         4878    .ARM.Collect$$$$00002712  mc_p.l(entry2.o)
    0x000000d8   0x000000d8   0x0000001c   Code   RO          369    .text               startup_cw32f030.o
    0x000000f4   0x000000f4   0x0000002c   Code   RO         4849    .text               mc_p.l(uidiv.o)
    0x00000120   0x00000120   0x00000024   Code   RO         4853    .text               mc_p.l(memcpya.o)
    0x00000144   0x00000144   0x00000024   Code   RO         4908    .text               mc_p.l(init.o)
    0x00000168   0x00000168   0x00000002   Code   RO            1    i.ADC_IRQHandler    interrupts_cw32f030.o
    0x0000016a   0x0000016a   0x00000002   Code   RO            2    i.ATIM_IRQHandler   interrupts_cw32f030.o
    0x0000016c   0x0000016c   0x00000002   Code   RO            3    i.AWT_IRQHandler    interrupts_cw32f030.o
    0x0000016e   0x0000016e   0x00000002   Code   RO            4    i.BTIM1_IRQHandler  interrupts_cw32f030.o
    0x00000170   0x00000170   0x00000002   Code   RO            5    i.BTIM2_IRQHandler  interrupts_cw32f030.o
    0x00000172   0x00000172   0x00000002   Code   RO            6    i.BTIM3_IRQHandler  interrupts_cw32f030.o
    0x00000174   0x00000174   0x00000002   Code   RO            7    i.DMACH1_IRQHandler  interrupts_cw32f030.o
    0x00000176   0x00000176   0x00000002   Code   RO            8    i.DMACH23_IRQHandler  interrupts_cw32f030.o
    0x00000178   0x00000178   0x00000002   Code   RO            9    i.DMACH45_IRQHandler  interrupts_cw32f030.o
    0x0000017a   0x0000017a   0x0000000c   Code   RO         3825    i.Delay             delay.o
    0x00000186   0x00000186   0x00000002   Code   RO           10    i.FAULT_IRQHandler  interrupts_cw32f030.o
    0x00000188   0x00000188   0x00000002   Code   RO           11    i.FLASHRAM_IRQHandler  interrupts_cw32f030.o
    0x0000018a   0x0000018a   0x00000002   PAD
    0x0000018c   0x0000018c   0x00000070   Code   RO         1536    i.FLASH_SetLatency  cw32f030_flash.o
    0x000001fc   0x000001fc   0x00000002   Code   RO           12    i.GPIOA_IRQHandler  interrupts_cw32f030.o
    0x000001fe   0x000001fe   0x00000002   Code   RO           13    i.GPIOB_IRQHandler  interrupts_cw32f030.o
    0x00000200   0x00000200   0x00000002   Code   RO           14    i.GPIOC_IRQHandler  interrupts_cw32f030.o
    0x00000202   0x00000202   0x00000002   Code   RO           15    i.GPIOF_IRQHandler  interrupts_cw32f030.o
    0x00000204   0x00000204   0x0000003c   Code   RO          230    i.GPIO_Configuration  main.o
    0x00000240   0x00000240   0x00000100   Code   RO         1676    i.GPIO_Init         cw32f030_gpio.o
    0x00000340   0x00000340   0x00000012   Code   RO         1679    i.GPIO_ReadPin      cw32f030_gpio.o
    0x00000352   0x00000352   0x0000000c   Code   RO         1682    i.GPIO_WritePin     cw32f030_gpio.o
    0x0000035e   0x0000035e   0x00000002   Code   RO           16    i.GTIM1_IRQHandler  interrupts_cw32f030.o
    0x00000360   0x00000360   0x00000002   Code   RO           17    i.GTIM2_IRQHandler  interrupts_cw32f030.o
    0x00000362   0x00000362   0x00000002   Code   RO           18    i.GTIM3_IRQHandler  interrupts_cw32f030.o
    0x00000364   0x00000364   0x00000002   Code   RO           19    i.GTIM4_IRQHandler  interrupts_cw32f030.o
    0x00000366   0x00000366   0x00000004   Code   RO           20    i.HardFault_Handler  interrupts_cw32f030.o
    0x0000036a   0x0000036a   0x00000002   Code   RO           21    i.I2C1_IRQHandler   interrupts_cw32f030.o
    0x0000036c   0x0000036c   0x00000002   Code   RO           22    i.I2C2_IRQHandler   interrupts_cw32f030.o
    0x0000036e   0x0000036e   0x00000002   PAD
    0x00000370   0x00000370   0x00000054   Code   RO         3840    i.LCD_GPIO_Init     lcd.o
    0x000003c4   0x000003c4   0x00000028   Code   RO         3841    i.LCD_WriteData_16Bit  lcd.o
    0x000003ec   0x000003ec   0x00000010   Code   RO         3716    i.LED2_OFF          led.o
    0x000003fc   0x000003fc   0x00000010   Code   RO         3717    i.LED2_ON           led.o
    0x0000040c   0x0000040c   0x00000002   Code   RO           23    i.LVD_IRQHandler    interrupts_cw32f030.o
    0x0000040e   0x0000040e   0x00000032   Code   RO         3842    i.Lcd_Clear         lcd.o
    0x00000440   0x00000440   0x00000238   Code   RO         3844    i.Lcd_Init          lcd.o
    0x00000678   0x00000678   0x00000034   Code   RO         3846    i.Lcd_Reset         lcd.o
    0x000006ac   0x000006ac   0x00000052   Code   RO         3847    i.Lcd_SetRegion     lcd.o
    0x000006fe   0x000006fe   0x00000002   PAD
    0x00000700   0x00000700   0x00000020   Code   RO         3849    i.Lcd_WriteData     lcd.o
    0x00000720   0x00000720   0x00000020   Code   RO         3850    i.Lcd_WriteIndex    lcd.o
    0x00000740   0x00000740   0x00000002   Code   RO           24    i.NMI_Handler       interrupts_cw32f030.o
    0x00000742   0x00000742   0x00000002   Code   RO           25    i.PendSV_Handler    interrupts_cw32f030.o
    0x00000744   0x00000744   0x0000004c   Code   RO          231    i.RCC_Configuration  main.o
    0x00000790   0x00000790   0x00000070   Code   RO         2472    i.RCC_HCLKPRS_Config  cw32f030_rcc.o
    0x00000800   0x00000800   0x0000008c   Code   RO         2478    i.RCC_HSI_Enable    cw32f030_rcc.o
    0x0000088c   0x0000088c   0x00000002   Code   RO           26    i.RCC_IRQHandler    interrupts_cw32f030.o
    0x0000088e   0x0000088e   0x00000002   PAD
    0x00000890   0x00000890   0x00000060   Code   RO         2490    i.RCC_PCLKPRS_Config  cw32f030_rcc.o
    0x000008f0   0x000008f0   0x00000144   Code   RO         2493    i.RCC_PLL_Enable    cw32f030_rcc.o
    0x00000a34   0x00000a34   0x00000080   Code   RO         2497    i.RCC_SysClk_Switch  cw32f030_rcc.o
    0x00000ab4   0x00000ab4   0x000000d8   Code   RO         2498    i.RCC_Sysctrl_GetHClkFreq  cw32f030_rcc.o
    0x00000b8c   0x00000b8c   0x0000000c   Code   RO         2500    i.RCC_SystemCoreClockUpdate  cw32f030_rcc.o
    0x00000b98   0x00000b98   0x00000002   Code   RO           27    i.RTC_IRQHandler    interrupts_cw32f030.o
    0x00000b9a   0x00000b9a   0x00000002   PAD
    0x00000b9c   0x00000b9c   0x00000038   Code   RO         3780    i.Read_Key1         key.o
    0x00000bd4   0x00000bd4   0x00000002   Code   RO           28    i.SPI1_IRQHandler   interrupts_cw32f030.o
    0x00000bd6   0x00000bd6   0x00000002   Code   RO           29    i.SPI2_IRQHandler   interrupts_cw32f030.o
    0x00000bd8   0x00000bd8   0x00000038   Code   RO         3854    i.SPI_WriteData     lcd.o
    0x00000c10   0x00000c10   0x00000002   Code   RO           30    i.SVC_Handler       interrupts_cw32f030.o
    0x00000c12   0x00000c12   0x00000002   PAD
    0x00000c14   0x00000c14   0x00000018   Code   RO         3099    i.SysTick_Handler   cw32f030_systick.o
    0x00000c2c   0x00000c2c   0x00000010   Code   RO          377    i.SystemCoreClockUpdate  system_cw32f030.o
    0x00000c3c   0x00000c3c   0x0000003c   Code   RO          378    i.SystemInit        system_cw32f030.o
    0x00000c78   0x00000c78   0x00000002   Code   RO           31    i.UART1_IRQHandler  interrupts_cw32f030.o
    0x00000c7a   0x00000c7a   0x00000002   Code   RO           32    i.UART2_IRQHandler  interrupts_cw32f030.o
    0x00000c7c   0x00000c7c   0x00000002   Code   RO           33    i.UART3_IRQHandler  interrupts_cw32f030.o
    0x00000c7e   0x00000c7e   0x00000002   Code   RO           34    i.VC1_IRQHandler    interrupts_cw32f030.o
    0x00000c80   0x00000c80   0x00000002   Code   RO           35    i.VC2_IRQHandler    interrupts_cw32f030.o
    0x00000c82   0x00000c82   0x00000002   Code   RO           36    i.WDT_IRQHandler    interrupts_cw32f030.o
    0x00000c84   0x00000c84   0x0000001c   Code   RO         2140    i.__ARM_common_switch8  cw32f030_i2c.o
    0x00000ca0   0x00000ca0   0x0000000e   Code   RO         4912    i.__scatterload_copy  mc_p.l(handlers.o)
    0x00000cae   0x00000cae   0x00000002   Code   RO         4913    i.__scatterload_null  mc_p.l(handlers.o)
    0x00000cb0   0x00000cb0   0x0000000e   Code   RO         4914    i.__scatterload_zeroinit  mc_p.l(handlers.o)
    0x00000cbe   0x00000cbe   0x00000002   Code   RO          232    i.assert_failed     main.o
    0x00000cc0   0x00000cc0   0x0000002a   Code   RO          233    i.main              main.o
    0x00000cea   0x00000cea   0x00000002   PAD
    0x00000cec   0x00000cec   0x00000064   Data   RO         2502    .constdata          cw32f030_rcc.o
    0x00000d50   0x00000d50   0x00000020   Data   RO         4910    Region$$Table       anon$$obj.o


    Execution Region RW_IRAM1 (Exec base: 0x20000000, Load base: 0x00000d70, Size: 0x00000210, Max: 0x00002000, ABSOLUTE)

    Exec Addr    Load Addr    Size         Type   Attr      Idx    E Section Name        Object

    0x20000000   0x00000d70   0x00000004   Data   RW          382    .data               system_cw32f030.o
    0x20000004   0x00000d74   0x00000009   Data   RW         3101    .data               cw32f030_systick.o
    0x2000000d   0x00000d7d   0x00000003   PAD
    0x20000010        -       0x00000200   Zero   RW          366    STACK               startup_cw32f030.o


==============================================================================

Image component sizes


      Code (inc. data)   RO Data    RW Data    ZI Data      Debug   Object Name

       112         46          0          0          0        539   cw32f030_flash.o
       286          4          0          0          0       2071   cw32f030_gpio.o
        28          0          0          0          0         76   cw32f030_i2c.o
      1028        262        100          0          0       4767   cw32f030_rcc.o
        24          8          0          9          0       1649   cw32f030_systick.o
        12          0          0          0          0        400   delay.o
        74          0          0          0          0      15784   interrupts_cw32f030.o
        56          8          0          0          0        456   key.o
       996         44          0          0          0      53030   lcd.o
        32          0          0          0          0        753   led.o
       180         26          0          0          0     180772   main.o
        28          8        192          0        512        560   startup_cw32f030.o
        76         14          0          4          0       1055   system_cw32f030.o

    ----------------------------------------------------------------------
      2946        420        324         16        512     261912   Object Totals
         0          0         32          0          0          0   (incl. Generated)
        14          0          0          3          0          0   (incl. Padding)

    ----------------------------------------------------------------------

      Code (inc. data)   RO Data    RW Data    ZI Data      Debug   Library Member Name

         0          0          0          0          0          0   entry.o
         0          0          0          0          0          0   entry10a.o
         0          0          0          0          0          0   entry11a.o
         4          0          0          0          0          0   entry12b.o
         8          4          0          0          0          0   entry2.o
         4          0          0          0          0          0   entry5.o
         0          0          0          0          0          0   entry7b.o
         0          0          0          0          0          0   entry8b.o
         8          4          0          0          0          0   entry9a.o
        30          0          0          0          0          0   handlers.o
        36          8          0          0          0         68   init.o
        36          0          0          0          0         60   memcpya.o
        44          0          0          0          0         72   uidiv.o

    ----------------------------------------------------------------------
       170         16          0          0          0        200   Library Totals
         0          0          0          0          0          0   (incl. Padding)

    ----------------------------------------------------------------------

      Code (inc. data)   RO Data    RW Data    ZI Data      Debug   Library Name

       170         16          0          0          0        200   mc_p.l

    ----------------------------------------------------------------------
       170         16          0          0          0        200   Library Totals

    ----------------------------------------------------------------------

==============================================================================


      Code (inc. data)   RO Data    RW Data    ZI Data      Debug   

      3116        436        324         16        512     259404   Grand Totals
      3116        436        324         16        512     259404   ELF Image Totals
      3116        436        324         16          0          0   ROM Totals

==============================================================================

    Total RO  Size (Code + RO Data)                 3440 (   3.36kB)
    Total RW  Size (RW Data + ZI Data)               528 (   0.52kB)
    Total ROM Size (Code + RO Data + RW Data)       3456 (   3.38kB)

==============================================================================

