<!doctype html public "-//w3c//dtd html 4.0 transitional//en">
<html><head>
<title>Static Call Graph - [.\Objects\CW32_SimpleFOC.axf]</title></head>
<body><HR>
<H1>Static Call Graph for image .\Objects\CW32_SimpleFOC.axf</H1><HR>
<BR><P>#&#060CALLGRAPH&#062# ARM Linker, 5060960: Last Updated: Thu Mar 23 01:54:55 2023
<BR><P>
<H3>Maximum Stack Usage =        112 bytes + Unknown(Untraceable Function Pointers)</H3><H3>
Call chain for Maximum Stack Depth:</H3>
main &rArr; RCC_Init_External &rArr; RCC_HSE_Enable &rArr; __aeabi_ldivmod &rArr; __aeabi_uldivmod &rArr; __aeabi_llsr
<P>
<H3>
Function Pointers
</H3><UL>
 <LI><a href="#[12]">ADC_IRQHandler</a> from interrupts_cw32f030.o(i.ADC_IRQHandler) referenced from startup_cw32f030.o(RESET)
 <LI><a href="#[13]">ATIM_IRQHandler</a> from interrupts_cw32f030.o(i.ATIM_IRQHandler) referenced from startup_cw32f030.o(RESET)
 <LI><a href="#[24]">AWT_IRQHandler</a> from interrupts_cw32f030.o(i.AWT_IRQHandler) referenced from startup_cw32f030.o(RESET)
 <LI><a href="#[1a]">BTIM1_IRQHandler</a> from interrupts_cw32f030.o(i.BTIM1_IRQHandler) referenced from startup_cw32f030.o(RESET)
 <LI><a href="#[1b]">BTIM2_IRQHandler</a> from interrupts_cw32f030.o(i.BTIM2_IRQHandler) referenced from startup_cw32f030.o(RESET)
 <LI><a href="#[1c]">BTIM3_IRQHandler</a> from interrupts_cw32f030.o(i.BTIM3_IRQHandler) referenced from startup_cw32f030.o(RESET)
 <LI><a href="#[f]">DMACH1_IRQHandler</a> from interrupts_cw32f030.o(i.DMACH1_IRQHandler) referenced from startup_cw32f030.o(RESET)
 <LI><a href="#[10]">DMACH23_IRQHandler</a> from interrupts_cw32f030.o(i.DMACH23_IRQHandler) referenced from startup_cw32f030.o(RESET)
 <LI><a href="#[11]">DMACH45_IRQHandler</a> from interrupts_cw32f030.o(i.DMACH45_IRQHandler) referenced from startup_cw32f030.o(RESET)
 <LI><a href="#[25]">FAULT_IRQHandler</a> from interrupts_cw32f030.o(i.FAULT_IRQHandler) referenced from startup_cw32f030.o(RESET)
 <LI><a href="#[9]">FLASHRAM_IRQHandler</a> from interrupts_cw32f030.o(i.FLASHRAM_IRQHandler) referenced from startup_cw32f030.o(RESET)
 <LI><a href="#[b]">GPIOA_IRQHandler</a> from interrupts_cw32f030.o(i.GPIOA_IRQHandler) referenced from startup_cw32f030.o(RESET)
 <LI><a href="#[c]">GPIOB_IRQHandler</a> from interrupts_cw32f030.o(i.GPIOB_IRQHandler) referenced from startup_cw32f030.o(RESET)
 <LI><a href="#[d]">GPIOC_IRQHandler</a> from interrupts_cw32f030.o(i.GPIOC_IRQHandler) referenced from startup_cw32f030.o(RESET)
 <LI><a href="#[e]">GPIOF_IRQHandler</a> from interrupts_cw32f030.o(i.GPIOF_IRQHandler) referenced from startup_cw32f030.o(RESET)
 <LI><a href="#[16]">GTIM1_IRQHandler</a> from interrupts_cw32f030.o(i.GTIM1_IRQHandler) referenced from startup_cw32f030.o(RESET)
 <LI><a href="#[17]">GTIM2_IRQHandler</a> from interrupts_cw32f030.o(i.GTIM2_IRQHandler) referenced from startup_cw32f030.o(RESET)
 <LI><a href="#[18]">GTIM3_IRQHandler</a> from interrupts_cw32f030.o(i.GTIM3_IRQHandler) referenced from startup_cw32f030.o(RESET)
 <LI><a href="#[19]">GTIM4_IRQHandler</a> from interrupts_cw32f030.o(i.GTIM4_IRQHandler) referenced from startup_cw32f030.o(RESET)
 <LI><a href="#[2]">HardFault_Handler</a> from interrupts_cw32f030.o(i.HardFault_Handler) referenced from startup_cw32f030.o(RESET)
 <LI><a href="#[1d]">I2C1_IRQHandler</a> from interrupts_cw32f030.o(i.I2C1_IRQHandler) referenced from startup_cw32f030.o(RESET)
 <LI><a href="#[1e]">I2C2_IRQHandler</a> from interrupts_cw32f030.o(i.I2C2_IRQHandler) referenced from startup_cw32f030.o(RESET)
 <LI><a href="#[7]">LVD_IRQHandler</a> from interrupts_cw32f030.o(i.LVD_IRQHandler) referenced from startup_cw32f030.o(RESET)
 <LI><a href="#[1]">NMI_Handler</a> from interrupts_cw32f030.o(i.NMI_Handler) referenced from startup_cw32f030.o(RESET)
 <LI><a href="#[4]">PendSV_Handler</a> from interrupts_cw32f030.o(i.PendSV_Handler) referenced from startup_cw32f030.o(RESET)
 <LI><a href="#[a]">RCC_IRQHandler</a> from interrupts_cw32f030.o(i.RCC_IRQHandler) referenced from startup_cw32f030.o(RESET)
 <LI><a href="#[8]">RTC_IRQHandler</a> from interrupts_cw32f030.o(i.RTC_IRQHandler) referenced from startup_cw32f030.o(RESET)
 <LI><a href="#[0]">Reset_Handler</a> from startup_cw32f030.o(.text) referenced from startup_cw32f030.o(RESET)
 <LI><a href="#[1f]">SPI1_IRQHandler</a> from interrupts_cw32f030.o(i.SPI1_IRQHandler) referenced from startup_cw32f030.o(RESET)
 <LI><a href="#[20]">SPI2_IRQHandler</a> from interrupts_cw32f030.o(i.SPI2_IRQHandler) referenced from startup_cw32f030.o(RESET)
 <LI><a href="#[3]">SVC_Handler</a> from interrupts_cw32f030.o(i.SVC_Handler) referenced from startup_cw32f030.o(RESET)
 <LI><a href="#[5]">SysTick_Handler</a> from cw32f030_systick.o(i.SysTick_Handler) referenced from startup_cw32f030.o(RESET)
 <LI><a href="#[27]">SystemInit</a> from system_cw32f030.o(i.SystemInit) referenced from startup_cw32f030.o(.text)
 <LI><a href="#[21]">UART1_IRQHandler</a> from interrupts_cw32f030.o(i.UART1_IRQHandler) referenced from startup_cw32f030.o(RESET)
 <LI><a href="#[22]">UART2_IRQHandler</a> from interrupts_cw32f030.o(i.UART2_IRQHandler) referenced from startup_cw32f030.o(RESET)
 <LI><a href="#[23]">UART3_IRQHandler</a> from interrupts_cw32f030.o(i.UART3_IRQHandler) referenced from startup_cw32f030.o(RESET)
 <LI><a href="#[14]">VC1_IRQHandler</a> from interrupts_cw32f030.o(i.VC1_IRQHandler) referenced from startup_cw32f030.o(RESET)
 <LI><a href="#[15]">VC2_IRQHandler</a> from interrupts_cw32f030.o(i.VC2_IRQHandler) referenced from startup_cw32f030.o(RESET)
 <LI><a href="#[6]">WDT_IRQHandler</a> from interrupts_cw32f030.o(i.WDT_IRQHandler) referenced from startup_cw32f030.o(RESET)
 <LI><a href="#[28]">__main</a> from entry.o(.ARM.Collect$$$$00000000) referenced from startup_cw32f030.o(.text)
 <LI><a href="#[26]">main</a> from main.o(i.main) referenced from entry9a.o(.ARM.Collect$$$$0000000B)
</UL>
<P>
<H3>
Global Symbols
</H3>
<P><STRONG><a name="[28]"></a>__main</STRONG> (Thumb, 0 bytes, Stack size unknown bytes, entry.o(.ARM.Collect$$$$00000000))
<BR>[Address Reference Count : 1]<UL><LI> startup_cw32f030.o(.text)
</UL>
<P><STRONG><a name="[41]"></a>_main_stk</STRONG> (Thumb, 0 bytes, Stack size unknown bytes, entry2.o(.ARM.Collect$$$$00000001))

<P><STRONG><a name="[29]"></a>_main_scatterload</STRONG> (Thumb, 0 bytes, Stack size unknown bytes, entry5.o(.ARM.Collect$$$$00000004))
<BR><BR>[Calls]<UL><LI><a href="#[2a]">&gt;&gt;</a>&nbsp;&nbsp;&nbsp;__scatterload
</UL>

<P><STRONG><a name="[31]"></a>__main_after_scatterload</STRONG> (Thumb, 0 bytes, Stack size unknown bytes, entry5.o(.ARM.Collect$$$$00000004))
<BR><BR>[Called By]<UL><LI><a href="#[2a]">&gt;&gt;</a>&nbsp;&nbsp;&nbsp;__scatterload
</UL>

<P><STRONG><a name="[42]"></a>_main_clock</STRONG> (Thumb, 0 bytes, Stack size unknown bytes, entry7b.o(.ARM.Collect$$$$00000008))

<P><STRONG><a name="[43]"></a>_main_cpp_init</STRONG> (Thumb, 0 bytes, Stack size unknown bytes, entry8b.o(.ARM.Collect$$$$0000000A))

<P><STRONG><a name="[44]"></a>_main_init</STRONG> (Thumb, 0 bytes, Stack size unknown bytes, entry9a.o(.ARM.Collect$$$$0000000B))

<P><STRONG><a name="[2b]"></a>__rt_lib_shutdown_fini</STRONG> (Thumb, 0 bytes, Stack size unknown bytes, entry12b.o(.ARM.Collect$$$$0000000E))
<BR><BR>[Calls]<UL><LI><a href="#[2c]">&gt;&gt;</a>&nbsp;&nbsp;&nbsp;__arm_fini_ (Weak Reference)
</UL>

<P><STRONG><a name="[45]"></a>__rt_final_cpp</STRONG> (Thumb, 0 bytes, Stack size unknown bytes, entry10a.o(.ARM.Collect$$$$0000000F))

<P><STRONG><a name="[46]"></a>__rt_final_exit</STRONG> (Thumb, 0 bytes, Stack size unknown bytes, entry11a.o(.ARM.Collect$$$$00000011))

<P><STRONG><a name="[0]"></a>Reset_Handler</STRONG> (Thumb, 8 bytes, Stack size 0 bytes, startup_cw32f030.o(.text))
<BR>[Address Reference Count : 1]<UL><LI> startup_cw32f030.o(RESET)
</UL>
<P><STRONG><a name="[47]"></a>__aeabi_uidiv</STRONG> (Thumb, 0 bytes, Stack size 12 bytes, uidiv.o(.text), UNUSED)

<P><STRONG><a name="[3a]"></a>__aeabi_uidivmod</STRONG> (Thumb, 44 bytes, Stack size 12 bytes, uidiv.o(.text))
<BR><BR>[Stack]<UL><LI>Max Depth = 12<LI>Call Chain = __aeabi_uidivmod
</UL>
<BR>[Called By]<UL><LI><a href="#[38]">&gt;&gt;</a>&nbsp;&nbsp;&nbsp;RCC_HSE_Enable
</UL>

<P><STRONG><a name="[2d]"></a>__aeabi_ldivmod</STRONG> (Thumb, 76 bytes, Stack size 24 bytes, ldiv.o(.text))
<BR><BR>[Stack]<UL><LI>Max Depth = 80<LI>Call Chain = __aeabi_ldivmod &rArr; __aeabi_uldivmod &rArr; __aeabi_llsr
</UL>
<BR>[Calls]<UL><LI><a href="#[2e]">&gt;&gt;</a>&nbsp;&nbsp;&nbsp;__aeabi_uldivmod
</UL>
<BR>[Called By]<UL><LI><a href="#[38]">&gt;&gt;</a>&nbsp;&nbsp;&nbsp;RCC_HSE_Enable
</UL>

<P><STRONG><a name="[2e]"></a>__aeabi_uldivmod</STRONG> (Thumb, 96 bytes, Stack size 48 bytes, uldiv.o(.text))
<BR><BR>[Stack]<UL><LI>Max Depth = 56<LI>Call Chain = __aeabi_uldivmod &rArr; __aeabi_llsr
</UL>
<BR>[Calls]<UL><LI><a href="#[2f]">&gt;&gt;</a>&nbsp;&nbsp;&nbsp;__aeabi_llsr
<LI><a href="#[30]">&gt;&gt;</a>&nbsp;&nbsp;&nbsp;__aeabi_llsl
</UL>
<BR>[Called By]<UL><LI><a href="#[2d]">&gt;&gt;</a>&nbsp;&nbsp;&nbsp;__aeabi_ldivmod
</UL>

<P><STRONG><a name="[30]"></a>__aeabi_llsl</STRONG> (Thumb, 32 bytes, Stack size 8 bytes, llshl.o(.text))
<BR><BR>[Stack]<UL><LI>Max Depth = 8<LI>Call Chain = __aeabi_llsl
</UL>
<BR>[Called By]<UL><LI><a href="#[2e]">&gt;&gt;</a>&nbsp;&nbsp;&nbsp;__aeabi_uldivmod
</UL>

<P><STRONG><a name="[48]"></a>_ll_shift_l</STRONG> (Thumb, 0 bytes, Stack size 8 bytes, llshl.o(.text), UNUSED)

<P><STRONG><a name="[2f]"></a>__aeabi_llsr</STRONG> (Thumb, 34 bytes, Stack size 8 bytes, llushr.o(.text))
<BR><BR>[Stack]<UL><LI>Max Depth = 8<LI>Call Chain = __aeabi_llsr
</UL>
<BR>[Called By]<UL><LI><a href="#[2e]">&gt;&gt;</a>&nbsp;&nbsp;&nbsp;__aeabi_uldivmod
</UL>

<P><STRONG><a name="[49]"></a>_ll_ushift_r</STRONG> (Thumb, 0 bytes, Stack size 8 bytes, llushr.o(.text), UNUSED)

<P><STRONG><a name="[2a]"></a>__scatterload</STRONG> (Thumb, 28 bytes, Stack size 0 bytes, init.o(.text))
<BR><BR>[Calls]<UL><LI><a href="#[31]">&gt;&gt;</a>&nbsp;&nbsp;&nbsp;__main_after_scatterload
</UL>
<BR>[Called By]<UL><LI><a href="#[29]">&gt;&gt;</a>&nbsp;&nbsp;&nbsp;_main_scatterload
</UL>

<P><STRONG><a name="[4a]"></a>__scatterload_rt2</STRONG> (Thumb, 0 bytes, Stack size 0 bytes, init.o(.text), UNUSED)

<P><STRONG><a name="[12]"></a>ADC_IRQHandler</STRONG> (Thumb, 2 bytes, Stack size 0 bytes, interrupts_cw32f030.o(i.ADC_IRQHandler))
<BR>[Address Reference Count : 1]<UL><LI> startup_cw32f030.o(RESET)
</UL>
<P><STRONG><a name="[13]"></a>ATIM_IRQHandler</STRONG> (Thumb, 2 bytes, Stack size 0 bytes, interrupts_cw32f030.o(i.ATIM_IRQHandler))
<BR>[Address Reference Count : 1]<UL><LI> startup_cw32f030.o(RESET)
</UL>
<P><STRONG><a name="[24]"></a>AWT_IRQHandler</STRONG> (Thumb, 2 bytes, Stack size 0 bytes, interrupts_cw32f030.o(i.AWT_IRQHandler))
<BR>[Address Reference Count : 1]<UL><LI> startup_cw32f030.o(RESET)
</UL>
<P><STRONG><a name="[1a]"></a>BTIM1_IRQHandler</STRONG> (Thumb, 2 bytes, Stack size 0 bytes, interrupts_cw32f030.o(i.BTIM1_IRQHandler))
<BR>[Address Reference Count : 1]<UL><LI> startup_cw32f030.o(RESET)
</UL>
<P><STRONG><a name="[1b]"></a>BTIM2_IRQHandler</STRONG> (Thumb, 2 bytes, Stack size 0 bytes, interrupts_cw32f030.o(i.BTIM2_IRQHandler))
<BR>[Address Reference Count : 1]<UL><LI> startup_cw32f030.o(RESET)
</UL>
<P><STRONG><a name="[1c]"></a>BTIM3_IRQHandler</STRONG> (Thumb, 2 bytes, Stack size 0 bytes, interrupts_cw32f030.o(i.BTIM3_IRQHandler))
<BR>[Address Reference Count : 1]<UL><LI> startup_cw32f030.o(RESET)
</UL>
<P><STRONG><a name="[f]"></a>DMACH1_IRQHandler</STRONG> (Thumb, 2 bytes, Stack size 0 bytes, interrupts_cw32f030.o(i.DMACH1_IRQHandler))
<BR>[Address Reference Count : 1]<UL><LI> startup_cw32f030.o(RESET)
</UL>
<P><STRONG><a name="[10]"></a>DMACH23_IRQHandler</STRONG> (Thumb, 2 bytes, Stack size 0 bytes, interrupts_cw32f030.o(i.DMACH23_IRQHandler))
<BR>[Address Reference Count : 1]<UL><LI> startup_cw32f030.o(RESET)
</UL>
<P><STRONG><a name="[11]"></a>DMACH45_IRQHandler</STRONG> (Thumb, 2 bytes, Stack size 0 bytes, interrupts_cw32f030.o(i.DMACH45_IRQHandler))
<BR>[Address Reference Count : 1]<UL><LI> startup_cw32f030.o(RESET)
</UL>
<P><STRONG><a name="[3f]"></a>Delay</STRONG> (Thumb, 12 bytes, Stack size 0 bytes, delay.o(i.Delay))
<BR><BR>[Called By]<UL><LI><a href="#[3d]">&gt;&gt;</a>&nbsp;&nbsp;&nbsp;Read_Key1
</UL>

<P><STRONG><a name="[25]"></a>FAULT_IRQHandler</STRONG> (Thumb, 2 bytes, Stack size 0 bytes, interrupts_cw32f030.o(i.FAULT_IRQHandler))
<BR>[Address Reference Count : 1]<UL><LI> startup_cw32f030.o(RESET)
</UL>
<P><STRONG><a name="[9]"></a>FLASHRAM_IRQHandler</STRONG> (Thumb, 2 bytes, Stack size 0 bytes, interrupts_cw32f030.o(i.FLASHRAM_IRQHandler))
<BR>[Address Reference Count : 1]<UL><LI> startup_cw32f030.o(RESET)
</UL>
<P><STRONG><a name="[b]"></a>GPIOA_IRQHandler</STRONG> (Thumb, 2 bytes, Stack size 0 bytes, interrupts_cw32f030.o(i.GPIOA_IRQHandler))
<BR>[Address Reference Count : 1]<UL><LI> startup_cw32f030.o(RESET)
</UL>
<P><STRONG><a name="[c]"></a>GPIOB_IRQHandler</STRONG> (Thumb, 2 bytes, Stack size 0 bytes, interrupts_cw32f030.o(i.GPIOB_IRQHandler))
<BR>[Address Reference Count : 1]<UL><LI> startup_cw32f030.o(RESET)
</UL>
<P><STRONG><a name="[d]"></a>GPIOC_IRQHandler</STRONG> (Thumb, 2 bytes, Stack size 0 bytes, interrupts_cw32f030.o(i.GPIOC_IRQHandler))
<BR>[Address Reference Count : 1]<UL><LI> startup_cw32f030.o(RESET)
</UL>
<P><STRONG><a name="[e]"></a>GPIOF_IRQHandler</STRONG> (Thumb, 2 bytes, Stack size 0 bytes, interrupts_cw32f030.o(i.GPIOF_IRQHandler))
<BR>[Address Reference Count : 1]<UL><LI> startup_cw32f030.o(RESET)
</UL>
<P><STRONG><a name="[33]"></a>GPIO_Init</STRONG> (Thumb, 252 bytes, Stack size 0 bytes, cw32f030_gpio.o(i.GPIO_Init))
<BR><BR>[Called By]<UL><LI><a href="#[37]">&gt;&gt;</a>&nbsp;&nbsp;&nbsp;LED_Init
<LI><a href="#[32]">&gt;&gt;</a>&nbsp;&nbsp;&nbsp;Key_Init
</UL>

<P><STRONG><a name="[3e]"></a>GPIO_ReadPin</STRONG> (Thumb, 18 bytes, Stack size 0 bytes, cw32f030_gpio.o(i.GPIO_ReadPin))
<BR><BR>[Called By]<UL><LI><a href="#[3d]">&gt;&gt;</a>&nbsp;&nbsp;&nbsp;Read_Key1
</UL>

<P><STRONG><a name="[35]"></a>GPIO_WritePin</STRONG> (Thumb, 12 bytes, Stack size 0 bytes, cw32f030_gpio.o(i.GPIO_WritePin))
<BR><BR>[Called By]<UL><LI><a href="#[36]">&gt;&gt;</a>&nbsp;&nbsp;&nbsp;LED2_ON
<LI><a href="#[34]">&gt;&gt;</a>&nbsp;&nbsp;&nbsp;LED2_OFF
</UL>

<P><STRONG><a name="[16]"></a>GTIM1_IRQHandler</STRONG> (Thumb, 2 bytes, Stack size 0 bytes, interrupts_cw32f030.o(i.GTIM1_IRQHandler))
<BR>[Address Reference Count : 1]<UL><LI> startup_cw32f030.o(RESET)
</UL>
<P><STRONG><a name="[17]"></a>GTIM2_IRQHandler</STRONG> (Thumb, 2 bytes, Stack size 0 bytes, interrupts_cw32f030.o(i.GTIM2_IRQHandler))
<BR>[Address Reference Count : 1]<UL><LI> startup_cw32f030.o(RESET)
</UL>
<P><STRONG><a name="[18]"></a>GTIM3_IRQHandler</STRONG> (Thumb, 2 bytes, Stack size 0 bytes, interrupts_cw32f030.o(i.GTIM3_IRQHandler))
<BR>[Address Reference Count : 1]<UL><LI> startup_cw32f030.o(RESET)
</UL>
<P><STRONG><a name="[19]"></a>GTIM4_IRQHandler</STRONG> (Thumb, 2 bytes, Stack size 0 bytes, interrupts_cw32f030.o(i.GTIM4_IRQHandler))
<BR>[Address Reference Count : 1]<UL><LI> startup_cw32f030.o(RESET)
</UL>
<P><STRONG><a name="[2]"></a>HardFault_Handler</STRONG> (Thumb, 4 bytes, Stack size 0 bytes, interrupts_cw32f030.o(i.HardFault_Handler))
<BR>[Address Reference Count : 1]<UL><LI> startup_cw32f030.o(RESET)
</UL>
<P><STRONG><a name="[1d]"></a>I2C1_IRQHandler</STRONG> (Thumb, 2 bytes, Stack size 0 bytes, interrupts_cw32f030.o(i.I2C1_IRQHandler))
<BR>[Address Reference Count : 1]<UL><LI> startup_cw32f030.o(RESET)
</UL>
<P><STRONG><a name="[1e]"></a>I2C2_IRQHandler</STRONG> (Thumb, 2 bytes, Stack size 0 bytes, interrupts_cw32f030.o(i.I2C2_IRQHandler))
<BR>[Address Reference Count : 1]<UL><LI> startup_cw32f030.o(RESET)
</UL>
<P><STRONG><a name="[32]"></a>Key_Init</STRONG> (Thumb, 42 bytes, Stack size 24 bytes, key.o(i.Key_Init))
<BR><BR>[Stack]<UL><LI>Max Depth = 24<LI>Call Chain = Key_Init
</UL>
<BR>[Calls]<UL><LI><a href="#[33]">&gt;&gt;</a>&nbsp;&nbsp;&nbsp;GPIO_Init
</UL>
<BR>[Called By]<UL><LI><a href="#[26]">&gt;&gt;</a>&nbsp;&nbsp;&nbsp;main
</UL>

<P><STRONG><a name="[34]"></a>LED2_OFF</STRONG> (Thumb, 16 bytes, Stack size 8 bytes, led.o(i.LED2_OFF))
<BR><BR>[Stack]<UL><LI>Max Depth = 8<LI>Call Chain = LED2_OFF
</UL>
<BR>[Calls]<UL><LI><a href="#[35]">&gt;&gt;</a>&nbsp;&nbsp;&nbsp;GPIO_WritePin
</UL>
<BR>[Called By]<UL><LI><a href="#[26]">&gt;&gt;</a>&nbsp;&nbsp;&nbsp;main
</UL>

<P><STRONG><a name="[36]"></a>LED2_ON</STRONG> (Thumb, 16 bytes, Stack size 8 bytes, led.o(i.LED2_ON))
<BR><BR>[Stack]<UL><LI>Max Depth = 8<LI>Call Chain = LED2_ON
</UL>
<BR>[Calls]<UL><LI><a href="#[35]">&gt;&gt;</a>&nbsp;&nbsp;&nbsp;GPIO_WritePin
</UL>
<BR>[Called By]<UL><LI><a href="#[26]">&gt;&gt;</a>&nbsp;&nbsp;&nbsp;main
</UL>

<P><STRONG><a name="[37]"></a>LED_Init</STRONG> (Thumb, 84 bytes, Stack size 40 bytes, led.o(i.LED_Init))
<BR><BR>[Stack]<UL><LI>Max Depth = 40<LI>Call Chain = LED_Init
</UL>
<BR>[Calls]<UL><LI><a href="#[33]">&gt;&gt;</a>&nbsp;&nbsp;&nbsp;GPIO_Init
</UL>
<BR>[Called By]<UL><LI><a href="#[26]">&gt;&gt;</a>&nbsp;&nbsp;&nbsp;main
</UL>

<P><STRONG><a name="[7]"></a>LVD_IRQHandler</STRONG> (Thumb, 2 bytes, Stack size 0 bytes, interrupts_cw32f030.o(i.LVD_IRQHandler))
<BR>[Address Reference Count : 1]<UL><LI> startup_cw32f030.o(RESET)
</UL>
<P><STRONG><a name="[1]"></a>NMI_Handler</STRONG> (Thumb, 2 bytes, Stack size 0 bytes, interrupts_cw32f030.o(i.NMI_Handler))
<BR>[Address Reference Count : 1]<UL><LI> startup_cw32f030.o(RESET)
</UL>
<P><STRONG><a name="[4]"></a>PendSV_Handler</STRONG> (Thumb, 2 bytes, Stack size 0 bytes, interrupts_cw32f030.o(i.PendSV_Handler))
<BR>[Address Reference Count : 1]<UL><LI> startup_cw32f030.o(RESET)
</UL>
<P><STRONG><a name="[38]"></a>RCC_HSE_Enable</STRONG> (Thumb, 270 bytes, Stack size 24 bytes, cw32f030_rcc.o(i.RCC_HSE_Enable))
<BR><BR>[Stack]<UL><LI>Max Depth = 104<LI>Call Chain = RCC_HSE_Enable &rArr; __aeabi_ldivmod &rArr; __aeabi_uldivmod &rArr; __aeabi_llsr
</UL>
<BR>[Calls]<UL><LI><a href="#[39]">&gt;&gt;</a>&nbsp;&nbsp;&nbsp;assert_failed
<LI><a href="#[2d]">&gt;&gt;</a>&nbsp;&nbsp;&nbsp;__aeabi_ldivmod
<LI><a href="#[3a]">&gt;&gt;</a>&nbsp;&nbsp;&nbsp;__aeabi_uidivmod
</UL>
<BR>[Called By]<UL><LI><a href="#[3b]">&gt;&gt;</a>&nbsp;&nbsp;&nbsp;RCC_Init_External
</UL>

<P><STRONG><a name="[a]"></a>RCC_IRQHandler</STRONG> (Thumb, 2 bytes, Stack size 0 bytes, interrupts_cw32f030.o(i.RCC_IRQHandler))
<BR>[Address Reference Count : 1]<UL><LI> startup_cw32f030.o(RESET)
</UL>
<P><STRONG><a name="[3b]"></a>RCC_Init_External</STRONG> (Thumb, 28 bytes, Stack size 8 bytes, rcc.o(i.RCC_Init_External))
<BR><BR>[Stack]<UL><LI>Max Depth = 112<LI>Call Chain = RCC_Init_External &rArr; RCC_HSE_Enable &rArr; __aeabi_ldivmod &rArr; __aeabi_uldivmod &rArr; __aeabi_llsr
</UL>
<BR>[Calls]<UL><LI><a href="#[3c]">&gt;&gt;</a>&nbsp;&nbsp;&nbsp;RCC_LSE_Enable
<LI><a href="#[38]">&gt;&gt;</a>&nbsp;&nbsp;&nbsp;RCC_HSE_Enable
</UL>
<BR>[Called By]<UL><LI><a href="#[26]">&gt;&gt;</a>&nbsp;&nbsp;&nbsp;main
</UL>

<P><STRONG><a name="[3c]"></a>RCC_LSE_Enable</STRONG> (Thumb, 216 bytes, Stack size 16 bytes, cw32f030_rcc.o(i.RCC_LSE_Enable))
<BR><BR>[Stack]<UL><LI>Max Depth = 16<LI>Call Chain = RCC_LSE_Enable
</UL>
<BR>[Calls]<UL><LI><a href="#[39]">&gt;&gt;</a>&nbsp;&nbsp;&nbsp;assert_failed
</UL>
<BR>[Called By]<UL><LI><a href="#[3b]">&gt;&gt;</a>&nbsp;&nbsp;&nbsp;RCC_Init_External
</UL>

<P><STRONG><a name="[8]"></a>RTC_IRQHandler</STRONG> (Thumb, 2 bytes, Stack size 0 bytes, interrupts_cw32f030.o(i.RTC_IRQHandler))
<BR>[Address Reference Count : 1]<UL><LI> startup_cw32f030.o(RESET)
</UL>
<P><STRONG><a name="[3d]"></a>Read_Key1</STRONG> (Thumb, 48 bytes, Stack size 8 bytes, key.o(i.Read_Key1))
<BR><BR>[Stack]<UL><LI>Max Depth = 8<LI>Call Chain = Read_Key1
</UL>
<BR>[Calls]<UL><LI><a href="#[3e]">&gt;&gt;</a>&nbsp;&nbsp;&nbsp;GPIO_ReadPin
<LI><a href="#[3f]">&gt;&gt;</a>&nbsp;&nbsp;&nbsp;Delay
</UL>
<BR>[Called By]<UL><LI><a href="#[26]">&gt;&gt;</a>&nbsp;&nbsp;&nbsp;main
</UL>

<P><STRONG><a name="[1f]"></a>SPI1_IRQHandler</STRONG> (Thumb, 2 bytes, Stack size 0 bytes, interrupts_cw32f030.o(i.SPI1_IRQHandler))
<BR>[Address Reference Count : 1]<UL><LI> startup_cw32f030.o(RESET)
</UL>
<P><STRONG><a name="[20]"></a>SPI2_IRQHandler</STRONG> (Thumb, 2 bytes, Stack size 0 bytes, interrupts_cw32f030.o(i.SPI2_IRQHandler))
<BR>[Address Reference Count : 1]<UL><LI> startup_cw32f030.o(RESET)
</UL>
<P><STRONG><a name="[3]"></a>SVC_Handler</STRONG> (Thumb, 2 bytes, Stack size 0 bytes, interrupts_cw32f030.o(i.SVC_Handler))
<BR>[Address Reference Count : 1]<UL><LI> startup_cw32f030.o(RESET)
</UL>
<P><STRONG><a name="[5]"></a>SysTick_Handler</STRONG> (Thumb, 16 bytes, Stack size 0 bytes, cw32f030_systick.o(i.SysTick_Handler))
<BR>[Address Reference Count : 1]<UL><LI> startup_cw32f030.o(RESET)
</UL>
<P><STRONG><a name="[40]"></a>SystemCoreClockUpdate</STRONG> (Thumb, 8 bytes, Stack size 0 bytes, system_cw32f030.o(i.SystemCoreClockUpdate))
<BR><BR>[Called By]<UL><LI><a href="#[27]">&gt;&gt;</a>&nbsp;&nbsp;&nbsp;SystemInit
</UL>

<P><STRONG><a name="[27]"></a>SystemInit</STRONG> (Thumb, 54 bytes, Stack size 4 bytes, system_cw32f030.o(i.SystemInit))
<BR><BR>[Stack]<UL><LI>Max Depth = 4<LI>Call Chain = SystemInit
</UL>
<BR>[Calls]<UL><LI><a href="#[40]">&gt;&gt;</a>&nbsp;&nbsp;&nbsp;SystemCoreClockUpdate
</UL>
<BR>[Address Reference Count : 1]<UL><LI> startup_cw32f030.o(.text)
</UL>
<P><STRONG><a name="[21]"></a>UART1_IRQHandler</STRONG> (Thumb, 2 bytes, Stack size 0 bytes, interrupts_cw32f030.o(i.UART1_IRQHandler))
<BR>[Address Reference Count : 1]<UL><LI> startup_cw32f030.o(RESET)
</UL>
<P><STRONG><a name="[22]"></a>UART2_IRQHandler</STRONG> (Thumb, 2 bytes, Stack size 0 bytes, interrupts_cw32f030.o(i.UART2_IRQHandler))
<BR>[Address Reference Count : 1]<UL><LI> startup_cw32f030.o(RESET)
</UL>
<P><STRONG><a name="[23]"></a>UART3_IRQHandler</STRONG> (Thumb, 2 bytes, Stack size 0 bytes, interrupts_cw32f030.o(i.UART3_IRQHandler))
<BR>[Address Reference Count : 1]<UL><LI> startup_cw32f030.o(RESET)
</UL>
<P><STRONG><a name="[14]"></a>VC1_IRQHandler</STRONG> (Thumb, 2 bytes, Stack size 0 bytes, interrupts_cw32f030.o(i.VC1_IRQHandler))
<BR>[Address Reference Count : 1]<UL><LI> startup_cw32f030.o(RESET)
</UL>
<P><STRONG><a name="[15]"></a>VC2_IRQHandler</STRONG> (Thumb, 2 bytes, Stack size 0 bytes, interrupts_cw32f030.o(i.VC2_IRQHandler))
<BR>[Address Reference Count : 1]<UL><LI> startup_cw32f030.o(RESET)
</UL>
<P><STRONG><a name="[6]"></a>WDT_IRQHandler</STRONG> (Thumb, 2 bytes, Stack size 0 bytes, interrupts_cw32f030.o(i.WDT_IRQHandler))
<BR>[Address Reference Count : 1]<UL><LI> startup_cw32f030.o(RESET)
</UL>
<P><STRONG><a name="[4b]"></a>__scatterload_copy</STRONG> (Thumb, 14 bytes, Stack size unknown bytes, handlers.o(i.__scatterload_copy), UNUSED)

<P><STRONG><a name="[4c]"></a>__scatterload_null</STRONG> (Thumb, 2 bytes, Stack size unknown bytes, handlers.o(i.__scatterload_null), UNUSED)

<P><STRONG><a name="[4d]"></a>__scatterload_zeroinit</STRONG> (Thumb, 14 bytes, Stack size unknown bytes, handlers.o(i.__scatterload_zeroinit), UNUSED)

<P><STRONG><a name="[39]"></a>assert_failed</STRONG> (Thumb, 2 bytes, Stack size 0 bytes, main.o(i.assert_failed))
<BR><BR>[Called By]<UL><LI><a href="#[3c]">&gt;&gt;</a>&nbsp;&nbsp;&nbsp;RCC_LSE_Enable
<LI><a href="#[38]">&gt;&gt;</a>&nbsp;&nbsp;&nbsp;RCC_HSE_Enable
</UL>

<P><STRONG><a name="[26]"></a>main</STRONG> (Thumb, 36 bytes, Stack size 0 bytes, main.o(i.main))
<BR><BR>[Stack]<UL><LI>Max Depth = 112<LI>Call Chain = main &rArr; RCC_Init_External &rArr; RCC_HSE_Enable &rArr; __aeabi_ldivmod &rArr; __aeabi_uldivmod &rArr; __aeabi_llsr
</UL>
<BR>[Calls]<UL><LI><a href="#[3d]">&gt;&gt;</a>&nbsp;&nbsp;&nbsp;Read_Key1
<LI><a href="#[3b]">&gt;&gt;</a>&nbsp;&nbsp;&nbsp;RCC_Init_External
<LI><a href="#[37]">&gt;&gt;</a>&nbsp;&nbsp;&nbsp;LED_Init
<LI><a href="#[36]">&gt;&gt;</a>&nbsp;&nbsp;&nbsp;LED2_ON
<LI><a href="#[34]">&gt;&gt;</a>&nbsp;&nbsp;&nbsp;LED2_OFF
<LI><a href="#[32]">&gt;&gt;</a>&nbsp;&nbsp;&nbsp;Key_Init
</UL>
<BR>[Address Reference Count : 1]<UL><LI> entry9a.o(.ARM.Collect$$$$0000000B)
</UL><P>
<H3>
Local Symbols
</H3><P>
<H3>
Undefined Global Symbols
</H3>
<P><STRONG><a name="[2c]"></a>__arm_fini_</STRONG> (Unknown, 0 bytes, Stack size 0 bytes, UNDEFINED)
<BR><BR>[Called By]<UL><LI><a href="#[2b]">&gt;&gt;</a>&nbsp;&nbsp;&nbsp;__rt_lib_shutdown_fini
</UL>
<HR></body></html>
