<html>
<body>
<pre>
<h1>µVision Build Log</h1>
<h2>Tool Versions:</h2>
IDE-Version: ¦ÌVision V5.36.0.0
Copyright (C) 2021 ARM Ltd and ARM Germany GmbH. All rights reserved.
License Information: Bowen Meng, CQUST, LIC=ESNY5-08FCM-6V71L-DMKHB-NJ0C2-Q06LT
 
Tool Versions:
Toolchain:       MDK-ARM Community  Version: 5.36.0.0
Toolchain Path:  C:\Keil_v5\ARM\ARMCC\Bin
C Compiler:      Armcc.exe V5.06 update 7 (build 960)
Assembler:       Armasm.exe V5.06 update 7 (build 960)
Linker/Locator:  ArmLink.exe V5.06 update 7 (build 960)
Library Manager: ArmAr.exe V5.06 update 7 (build 960)
Hex Converter:   FromElf.exe V5.06 update 7 (build 960)
CPU DLL:         SARMCM3.DLL V5.36.0.0
Dialog DLL:      DARMCM1.DLL V1.19.4.0
Target DLL:      CMSIS_AGDI.dll V1.33.0.0
Dialog DLL:      TARMCM1.DLL V1.14.4.0
 
<h2>Project:</h2>
D:\CW32_SimpleFOC\Software\CW32_SimpleFOC.uvprojx
Project File Date:  03/26/2023

<h2>Output:</h2>
*** Using Compiler 'V5.06 update 7 (build 960)', folder: 'C:\Keil_v5\ARM\ARMCC\Bin'
Rebuild target 'Project'
assembling startup_cw32f030.s...
compiling interrupts_cw32f030.c...
compiling cw32f030_digitalsign.c...
compiling cw32f030_crc.c...
compiling system_cw32f030.c...
compiling cw32f030_awt.c...
compiling main.c...
User\src\../inc/../../BSP/inc/rcc.h(9): warning:  #1-D: last line of file ends without a newline
  #endif
User\src\../inc/../../BSP/inc/delay.h(8): warning:  #1-D: last line of file ends without a newline
  #endif
User\src\../inc/../../BSP/inc/key.h(19): warning:  #1-D: last line of file ends without a newline
  #endif
User\src\../inc/../../BSP/inc/./font.h(210): warning:  #1-D: last line of file ends without a newline
  #endif
User\src\../inc/../../BSP/inc/lcd_gui.h(9): warning:  #1-D: last line of file ends without a newline
  #endif
User\src\main.c: 5 warnings, 0 errors
compiling cw32f030_debug.c...
compiling cw32f030_dma.c...
compiling cw32f030_btim.c...
compiling cw32f030_atim.c...
compiling cw32f030_adc.c...
compiling cw32f030_gpio.c...
compiling cw32f030_flash.c...
compiling cw32f030_gtim.c...
compiling cw32f030_i2c.c...
compiling cw32f030_lvd.c...
compiling cw32f030_pwr.c...
compiling cw32f030_iwdt.c...
compiling cw32f030_ram.c...
compiling cw32f030_spi.c...
compiling cw32f030_rcc.c...
compiling cw32f030_rtc.c...
compiling cw32f030_systick.c...
compiling delay.c...
.\BSP\inc\delay.h(8): warning:  #1-D: last line of file ends without a newline
  #endif
BSP\src\delay.c(10): warning:  #1-D: last line of file ends without a newline
  }
BSP\src\delay.c: 2 warnings, 0 errors
compiling cw32f030_uart.c...
compiling cw32f030_vc.c...
compiling croutine.c...
compiling font.c...
.\BSP\inc\../inc/font.h(210): warning:  #1-D: last line of file ends without a newline
  #endif
font.c(102): warning:  #1-D: last line of file ends without a newline
  };
font.c: 2 warnings, 0 errors
compiling cw32f030_wwdt.c...
compiling rcc.c...
BSP\src\../inc/rcc.h(9): warning:  #1-D: last line of file ends without a newline
  #endif
BSP\src\rcc.c(23): warning:  #1-D: last line of file ends without a newline
  }
BSP\src\rcc.c: 2 warnings, 0 errors
compiling event_groups.c...
compiling led.c...
BSP\src\led.c(51): warning:  #1-D: last line of file ends without a newline
  }
BSP\src\led.c: 1 warning, 0 errors
compiling list.c...
compiling key.c...
.\BSP\inc\delay.h(8): warning:  #1-D: last line of file ends without a newline
  #endif
.\BSP\inc\key.h(19): warning:  #1-D: last line of file ends without a newline
  #endif
BSP\src\key.c(28): warning:  #940-D: missing return statement at end of non-void function "Read_Key1" 
  }
BSP\src\key.c(44): warning:  #940-D: missing return statement at end of non-void function "Read_Key2" 
  }
BSP\src\key.c(60): warning:  #1-D: last line of file ends without a newline
  }
BSP\src\key.c(60): warning:  #940-D: missing return statement at end of non-void function "Read_Key3" 
  }
BSP\src\key.c: 6 warnings, 0 errors
compiling lcd_gui.c...
.\BSP\inc\././font.h(210): warning:  #1-D: last line of file ends without a newline
  #endif
.\BSP\inc\./lcd_gui.h(9): warning:  #1-D: last line of file ends without a newline
  #endif
BSP\src\lcd_gui.c(39): warning:  #1-D: last line of file ends without a newline
  }
BSP\src\lcd_gui.c: 3 warnings, 0 errors
compiling timers.c...
compiling stream_buffer.c...
compiling queue.c...
compiling lcd.c...
compiling heap_4.c...
compiling tasks.c...
compiling port.c...
linking...
Program Size: Code=3356 RO-data=1848 RW-data=16 ZI-data=512  
".\Objects\CW32_SimpleFOC.axf" - 0 Error(s), 21 Warning(s).

<h2>Software Packages used:</h2>

Package Vendor: ARM
                http://www.keil.com/pack/ARM.CMSIS.5.8.0.pack
                ARM.CMSIS.5.8.0
                CMSIS (Common Microcontroller Software Interface Standard)
   * Component: CORE Version: 5.5.0

Package Vendor: WHXY
                
                WHXY.CW32F030_DFP.1.0.3
                CW32 ARM Cortex-M0+ Device Family Pack

<h2>Collection of Component include folders:</h2>
  .\RTE\_Project
  C:\Users\15216\AppData\Local\Arm\Packs\ARM\CMSIS\5.8.0\CMSIS\Core\Include
  C:\Users\15216\AppData\Local\Arm\Packs\WHXY\CW32F030_DFP\1.0.3\Device\Include

<h2>Collection of Component Files used:</h2>

   * Component: ARM::CMSIS:CORE:5.5.0
Build Time Elapsed:  00:00:04
</pre>
</body>
</html>
